Archive member included because of file (symbol)

F:/CW MCU v10.6/MCU/ARM_GCC_Support/ewl/lib/armv6-m\libc.a(sscanf.o)
                              ./Sources/TFC/TFC_Terminal.o (sscanf)
F:/CW MCU v10.6/MCU/ARM_GCC_Support/ewl/lib/armv6-m\libc.a(vsprintf.o)
                              ./Sources/TFC/TFC_Queue.o (vsprintf)
F:/CW MCU v10.6/MCU/ARM_GCC_Support/ewl/lib/armv6-m\libc.a(vsscanf.o)
                              F:/CW MCU v10.6/MCU/ARM_GCC_Support/ewl/lib/armv6-m\libc.a(sscanf.o) (vsscanf)
F:/CW MCU v10.6/MCU/ARM_GCC_Support/ewl/lib/armv6-m\libc.a(alloc.o)
                              ./Sources/main.o (malloc)
F:/CW MCU v10.6/MCU/ARM_GCC_Support/ewl/lib/armv6-m\libc.a(exit.o)
                              ./Project_Settings/Startup_Code/__arm_start.o (exit)
F:/CW MCU v10.6/MCU/ARM_GCC_Support/ewl/lib/armv6-m\libc.a(memcpy.o)
                              F:/CW MCU v10.6/MCU/ARM_GCC_Support/ewl/lib/armv6-m\libc.a(alloc.o) (memcpy)
F:/CW MCU v10.6/MCU/ARM_GCC_Support/ewl/lib/armv6-m\libc.a(memset.o)
                              ./Project_Settings/Startup_Code/__arm_start.o (memset)
F:/CW MCU v10.6/MCU/ARM_GCC_Support/ewl/lib/armv6-m\libc.a(strcmp.o)
                              ./Sources/TFC/TFC_Terminal.o (strcmp)
F:/CW MCU v10.6/MCU/ARM_GCC_Support/ewl/lib/armv6-m\libc.a(strcpy.o)
                              ./Sources/TFC/TFC_Terminal.o (strcpy)
F:/CW MCU v10.6/MCU/ARM_GCC_Support/ewl/lib/armv6-m\libc.a(strlen.o)
                              ./Sources/TFC/TFC_Queue.o (strlen)
F:/CW MCU v10.6/MCU/ARM_GCC_Support/ewl/lib/armv6-m\libc.a(printformat_.o)
                              (__pformatter_)
F:/CW MCU v10.6/MCU/ARM_GCC_Support/ewl/lib/armv6-m\libc.a(scanformat_.o)
                              (__sformatter)
F:/CW MCU v10.6/MCU/ARM_GCC_Support/ewl/lib/armv6-m\libc.a(ctype_aeabi.o)
                              F:/CW MCU v10.6/MCU/ARM_GCC_Support/ewl/lib/armv6-m\libc.a(scanformat_.o) (isspace)
F:/CW MCU v10.6/MCU/ARM_GCC_Support/ewl/lib/armv6-m\libc.a(vsnprintf.o)
                              F:/CW MCU v10.6/MCU/ARM_GCC_Support/ewl/lib/armv6-m\libc.a(vsprintf.o) (vsnprintf)
F:/CW MCU v10.6/MCU/ARM_GCC_Support/ewl/lib/armv6-m\libc.a(__strtoul.o)
                              F:/CW MCU v10.6/MCU/ARM_GCC_Support/ewl/lib/armv6-m\libc.a(scanformat_.o) (__strtoul)
F:/CW MCU v10.6/MCU/ARM_GCC_Support/ewl/lib/armv6-m\libc.a(__filll_mem.o)
                              F:/CW MCU v10.6/MCU/ARM_GCC_Support/ewl/lib/armv6-m\libc.a(memset.o) (__fill_mem)
F:/CW MCU v10.6/MCU/ARM_GCC_Support/ewl/lib/armv6-m\libc.a(memchr.o)
                              F:/CW MCU v10.6/MCU/ARM_GCC_Support/ewl/lib/armv6-m\libc.a(printformat_.o) (memchr)
F:/CW MCU v10.6/MCU/ARM_GCC_Support/ewl/lib/armv6-m\libc.a(strchr.o)
                              F:/CW MCU v10.6/MCU/ARM_GCC_Support/ewl/lib/armv6-m\libc.a(printformat_.o) (strchr)
F:/CW MCU v10.6/MCU/ARM_GCC_Support/ewl/lib/armv6-m\libm.a(w_atan2.o)
                              ./Sources/TFC/TFC_LineScanCamera.o (atan2)
F:/CW MCU v10.6/MCU/ARM_GCC_Support/ewl/lib/armv6-m\libm.a(e_atan2.o)
                              F:/CW MCU v10.6/MCU/ARM_GCC_Support/ewl/lib/armv6-m\libm.a(w_atan2.o) (__ieee754_atan2)
F:/CW MCU v10.6/MCU/ARM_GCC_Support/ewl/lib/armv6-m\libm.a(s_atan.o)
                              F:/CW MCU v10.6/MCU/ARM_GCC_Support/ewl/lib/armv6-m\libm.a(e_atan2.o) (atan)
f:/cw mcu v10.6/cross_tools/arm-none-eabi-gcc-4_7_3/bin/../lib/gcc/arm-none-eabi/4.7.3/armv6-m\libgcc.a(_thumb1_case_sqi.o)
                              F:/CW MCU v10.6/MCU/ARM_GCC_Support/ewl/lib/armv6-m\libc.a(__strtoul.o) (__gnu_thumb1_case_sqi)
f:/cw mcu v10.6/cross_tools/arm-none-eabi-gcc-4_7_3/bin/../lib/gcc/arm-none-eabi/4.7.3/armv6-m\libgcc.a(_thumb1_case_uqi.o)
                              F:/CW MCU v10.6/MCU/ARM_GCC_Support/ewl/lib/armv6-m\libc.a(scanformat_.o) (__gnu_thumb1_case_uqi)
f:/cw mcu v10.6/cross_tools/arm-none-eabi-gcc-4_7_3/bin/../lib/gcc/arm-none-eabi/4.7.3/armv6-m\libgcc.a(_udivsi3.o)
                              ./Sources/TFC/TFC_UART.o (__aeabi_uidiv)
f:/cw mcu v10.6/cross_tools/arm-none-eabi-gcc-4_7_3/bin/../lib/gcc/arm-none-eabi/4.7.3/armv6-m\libgcc.a(_divsi3.o)
                              ./Sources/TFC/TFC_CrystalClock.o (__aeabi_idiv)
f:/cw mcu v10.6/cross_tools/arm-none-eabi-gcc-4_7_3/bin/../lib/gcc/arm-none-eabi/4.7.3/armv6-m\libgcc.a(_dvmd_tls.o)
                              f:/cw mcu v10.6/cross_tools/arm-none-eabi-gcc-4_7_3/bin/../lib/gcc/arm-none-eabi/4.7.3/armv6-m\libgcc.a(_udivsi3.o) (__aeabi_idiv0)
f:/cw mcu v10.6/cross_tools/arm-none-eabi-gcc-4_7_3/bin/../lib/gcc/arm-none-eabi/4.7.3/armv6-m\libgcc.a(_arm_cmpdf2.o)
                              F:/CW MCU v10.6/MCU/ARM_GCC_Support/ewl/lib/armv6-m\libm.a(s_atan.o) (__aeabi_dcmpgt)
f:/cw mcu v10.6/cross_tools/arm-none-eabi-gcc-4_7_3/bin/../lib/gcc/arm-none-eabi/4.7.3/armv6-m\libgcc.a(_arm_cmpsf2.o)
                              ./Sources/TFC/TFC_Motor.o (__aeabi_fcmplt)
[...]
Memory Configuration

Name             Origin             Length             Attributes
m_interrupts     0x00000000         0x000000c0         xr
m_cfmprotrom     0x00000400         0x00000010         xr
m_text           0x00000800         0x0001f800         xr
m_data           0x1ffff000         0x00004000         xrw
*default*        0x00000000         0xffffffff

Linker script and memory map

LOAD ./Project_Settings/Startup_Code/kinetis_sysinit.o
LOAD ./Project_Settings/Startup_Code/__arm_start.o
LOAD ./Project_Settings/Startup_Code/__arm_end.o
LOAD ./Sources/TFC/TFC_arm_cm0.o
LOAD ./Sources/TFC/TFC_UART.o
LOAD ./Sources/TFC/TFC_Terminal.o
LOAD ./Sources/TFC/TFC_Servo.o
LOAD ./Sources/TFC/TFC_Queue.o
LOAD ./Sources/TFC/TFC_Motor.o
LOAD ./Sources/TFC/TFC_LineScanCamera.o
LOAD ./Sources/TFC/TFC_CrystalClock.o
LOAD ./Sources/TFC/TFC_BoardSupport.o
LOAD ./Sources/TFC/TFC_ARM_SysTick.o
LOAD ./Sources/TFC/TFC_ADC.o
LOAD ./Sources/TFC/TFC.o
LOAD ./Sources/sa_mtb.o
LOAD ./Sources/main.o
                0x000062b8                __pformatter = __pformatter_
                [0x000066e0]                __sformatter = __sformatter
START GROUP
LOAD F:/CW MCU v10.6/MCU/ARM_GCC_Support/ewl/lib/armv6-m\libc.a
LOAD F:/CW MCU v10.6/MCU/ARM_GCC_Support/ewl/lib/armv6-m\libm.a
LOAD f:/cw mcu v10.6/cross_tools/arm-none-eabi-gcc-4_7_3/bin/../lib/gcc/arm-none-eabi/4.7.3/armv6-m\libgcc.a
LOAD F:/CW MCU v10.6/MCU/ARM_GCC_Support/ewl/lib/armv6-m\librt.a
LOAD F:/CW MCU v10.6/MCU/ARM_GCC_Support/ewl/lib/armv6-m\libuart.a
END GROUP
                0x20003000                _estack = 0x20003000
                0x20003000                __SP_INIT = _estack
                0x00000400                __heap_size = 0x400
                0x00000400                __stack_size = 0x400

.interrupts     0x00000000       0xc0
                0x00000000                __vector_table = .
                0x00000000                . = ALIGN (0x4)
 *(.vectortable)
 .vectortable   0x00000000       0xc0 ./Project_Settings/Startup_Code/kinetis_sysinit.o
                0x00000000                InterruptVector
                0x000000c0                . = ALIGN (0x4)

.cfmprotect     0x00000400        0x0
                0x00000400                . = ALIGN (0x4)
 *(.cfmconfig)
                0x00000400                . = ALIGN (0x4)

.text           0x00000800     0x74f0
                0x00000800                . = ALIGN (0x4)
 *(.text)
 .text          0x00000800       0x14 f:/cw mcu v10.6/cross_tools/arm-none-eabi-gcc-4_7_3/bin/../lib/gcc/arm-none-eabi/4.7.3/armv6-m\libgcc.a(_thumb1_case_sqi.o)
                0x00000800                __gnu_thumb1_case_sqi
 .text          0x00000814       0x14 f:/cw mcu v10.6/cross_tools/arm-none-eabi-gcc-4_7_3/bin/../lib/gcc/arm-none-eabi/4.7.3/armv6-m\libgcc.a(_thumb1_case_uqi.o)
                0x00000814                __gnu_thumb1_case_uqi
 .text          0x00000828       0x9c f:/cw mcu v10.6/cross_tools/arm-none-eabi-gcc-4_7_3/bin/../lib/gcc/arm-none-eabi/4.7.3/armv6-m\libgcc.a(_udivsi3.o)
                0x00000828                __aeabi_uidiv
                0x00000828                __udivsi3
                0x000008b0                __aeabi_uidivmod
 .text          0x000008c4       0xc0 f:/cw mcu v10.6/cross_tools/arm-none-eabi-gcc-4_7_3/bin/../lib/gcc/arm-none-eabi/4.7.3/armv6-m\libgcc.a(_divsi3.o)
                0x000008c4                __divsi3
                0x000008c4                __aeabi_idiv
                0x00000970                __aeabi_idivmod
 .text          0x00000984        0x4 f:/cw mcu v10.6/cross_tools/arm-none-eabi-gcc-4_7_3/bin/../lib/gcc/arm-none-eabi/4.7.3/armv6-m\libgcc.a(_dvmd_tls.o)
                0x00000984                __aeabi_idiv0
                0x00000984                __aeabi_ldiv0
 .text          0x00000988       0x7c f:/cw mcu v10.6/cross_tools/arm-none-eabi-gcc-4_7_3/bin/../lib/gcc/arm-none-eabi/4.7.3/armv6-m\libgcc.a(_arm_cmpdf2.o)
                0x00000988                __aeabi_cdrcmple
                0x00000998                __aeabi_cdcmple
                0x00000998                __aeabi_cdcmpeq
                0x000009a8                __aeabi_dcmpeq
                0x000009b4                __aeabi_dcmplt
                0x000009c8                __aeabi_dcmple
                0x000009dc                __aeabi_dcmpgt
                0x000009f0                __aeabi_dcmpge
 .text          0x00000a04       0x74 f:/cw mcu v10.6/cross_tools/arm-none-eabi-gcc-4_7_3/bin/../lib/gcc/arm-none-eabi/4.7.3/armv6-m\libgcc.a(_arm_cmpsf2.o)
                0x00000a04                __aeabi_cfrcmple
                0x00000a0c                __aeabi_cfcmpeq
                0x00000a0c                __aeabi_cfcmple
                0x00000a1c                __aeabi_fcmpeq
                0x00000a28                __aeabi_fcmplt
                0x00000a3c                __aeabi_fcmple
                0x00000a50                __aeabi_fcmpgt
                0x00000a64                __aeabi_fcmpge
 .text          0x00000a78       0x30 f:/cw mcu v10.6/cross_tools/arm-none-eabi-gcc-4_7_3/bin/../lib/gcc/arm-none-eabi/4.7.3/armv6-m\libgcc.a(_fixunssfsi.o)
                0x00000a78                __fixunssfsi
                0x00000a78                __aeabi_f2uiz
 .text          0x00000aa8       0x40 f:/cw mcu v10.6/cross_tools/arm-none-eabi-gcc-4_7_3/bin/../lib/gcc/arm-none-eabi/4.7.3/armv6-m\libgcc.a(_fixunsdfsi.o)
                0x00000aa8                __aeabi_d2uiz
                0x00000aa8                __fixunsdfsi
 .text          0x00000ae8      0x3a4 f:/cw mcu v10.6/cross_tools/arm-none-eabi-gcc-4_7_3/bin/../lib/gcc/arm-none-eabi/4.7.3/armv6-m\libgcc.a(addsf3.o)
                0x00000ae8                __aeabi_fadd
 .text          0x00000e8c      0x274 f:/cw mcu v10.6/cross_tools/arm-none-eabi-gcc-4_7_3/bin/../lib/gcc/arm-none-eabi/4.7.3/armv6-m\libgcc.a(divsf3.o)
                0x00000e8c                __aeabi_fdiv
 .text          0x00001100       0x50 f:/cw mcu v10.6/cross_tools/arm-none-eabi-gcc-4_7_3/bin/../lib/gcc/arm-none-eabi/4.7.3/armv6-m\libgcc.a(eqsf2.o)
                0x00001100                __eqsf2
                0x00001100                __nesf2
 .text          0x00001150       0x90 f:/cw mcu v10.6/cross_tools/arm-none-eabi-gcc-4_7_3/bin/../lib/gcc/arm-none-eabi/4.7.3/armv6-m\libgcc.a(gesf2.o)
                0x00001150                __gesf2
                0x00001150                __gtsf2
 .text          0x000011e0       0x90 f:/cw mcu v10.6/cross_tools/arm-none-eabi-gcc-4_7_3/bin/../lib/gcc/arm-none-eabi/4.7.3/armv6-m\libgcc.a(lesf2.o)
                0x000011e0                __ltsf2
                0x000011e0                __lesf2
 .text          0x00001270      0x260 f:/cw mcu v10.6/cross_tools/arm-none-eabi-gcc-4_7_3/bin/../lib/gcc/arm-none-eabi/4.7.3/armv6-m\libgcc.a(mulsf3.o)
                0x00001270                __aeabi_fmul
 .text          0x000014d0      0x3ac f:/cw mcu v10.6/cross_tools/arm-none-eabi-gcc-4_7_3/bin/../lib/gcc/arm-none-eabi/4.7.3/armv6-m\libgcc.a(subsf3.o)
                0x000014d0                __aeabi_fsub
 .text          0x0000187c       0x40 f:/cw mcu v10.6/cross_tools/arm-none-eabi-gcc-4_7_3/bin/../lib/gcc/arm-none-eabi/4.7.3/armv6-m\libgcc.a(fixsfsi.o)
                0x0000187c                __aeabi_f2iz
 .text          0x000018bc       0xa8 f:/cw mcu v10.6/cross_tools/arm-none-eabi-gcc-4_7_3/bin/../lib/gcc/arm-none-eabi/4.7.3/armv6-m\libgcc.a(floatsisf.o)
                0x000018bc                __aeabi_i2f
 .text          0x00001964       0xa8 f:/cw mcu v10.6/cross_tools/arm-none-eabi-gcc-4_7_3/bin/../lib/gcc/arm-none-eabi/4.7.3/armv6-m\libgcc.a(floatunsisf.o)
                0x00001964                __aeabi_ui2f
 .text          0x00001a0c      0x758 f:/cw mcu v10.6/cross_tools/arm-none-eabi-gcc-4_7_3/bin/../lib/gcc/arm-none-eabi/4.7.3/armv6-m\libgcc.a(adddf3.o)
                0x00001a0c                __aeabi_dadd
 .text          0x00002164      0x5b8 f:/cw mcu v10.6/cross_tools/arm-none-eabi-gcc-4_7_3/bin/../lib/gcc/arm-none-eabi/4.7.3/armv6-m\libgcc.a(divdf3.o)
                0x00002164                __aeabi_ddiv
 .text          0x0000271c       0x7c f:/cw mcu v10.6/cross_tools/arm-none-eabi-gcc-4_7_3/bin/../lib/gcc/arm-none-eabi/4.7.3/armv6-m\libgcc.a(eqdf2.o)
                0x0000271c                __nedf2
                0x0000271c                __eqdf2
 .text          0x00002798       0xe8 f:/cw mcu v10.6/cross_tools/arm-none-eabi-gcc-4_7_3/bin/../lib/gcc/arm-none-eabi/4.7.3/armv6-m\libgcc.a(gedf2.o)
                0x00002798                __gedf2
                0x00002798                __gtdf2
 .text          0x00002880       0xd8 f:/cw mcu v10.6/cross_tools/arm-none-eabi-gcc-4_7_3/bin/../lib/gcc/arm-none-eabi/4.7.3/armv6-m\libgcc.a(ledf2.o)
                0x00002880                __ledf2
                0x00002880                __ltdf2
 .text          0x00002958      0x4e4 f:/cw mcu v10.6/cross_tools/arm-none-eabi-gcc-4_7_3/bin/../lib/gcc/arm-none-eabi/4.7.3/armv6-m\libgcc.a(muldf3.o)
                0x00002958                __aeabi_dmul
 .text          0x00002e3c      0x6f8 f:/cw mcu v10.6/cross_tools/arm-none-eabi-gcc-4_7_3/bin/../lib/gcc/arm-none-eabi/4.7.3/armv6-m\libgcc.a(subdf3.o)
                0x00002e3c                __aeabi_dsub
 .text          0x00003534       0x68 f:/cw mcu v10.6/cross_tools/arm-none-eabi-gcc-4_7_3/bin/../lib/gcc/arm-none-eabi/4.7.3/armv6-m\libgcc.a(fixdfsi.o)
                0x00003534                __aeabi_d2iz
 .text          0x0000359c       0x74 f:/cw mcu v10.6/cross_tools/arm-none-eabi-gcc-4_7_3/bin/../lib/gcc/arm-none-eabi/4.7.3/armv6-m\libgcc.a(floatsidf.o)
                0x0000359c                __aeabi_i2d
 .text          0x00003610       0x64 f:/cw mcu v10.6/cross_tools/arm-none-eabi-gcc-4_7_3/bin/../lib/gcc/arm-none-eabi/4.7.3/armv6-m\libgcc.a(floatunsidf.o)
                0x00003610                __aeabi_ui2d
 .text          0x00003674       0xa8 f:/cw mcu v10.6/cross_tools/arm-none-eabi-gcc-4_7_3/bin/../lib/gcc/arm-none-eabi/4.7.3/armv6-m\libgcc.a(extendsfdf2.o)
                0x00003674                __aeabi_f2d
 .text          0x0000371c      0x134 f:/cw mcu v10.6/cross_tools/arm-none-eabi-gcc-4_7_3/bin/../lib/gcc/arm-none-eabi/4.7.3/armv6-m\libgcc.a(truncdfsf2.o)
                0x0000371c                __aeabi_d2f
 .text          0x00003850       0x3c f:/cw mcu v10.6/cross_tools/arm-none-eabi-gcc-4_7_3/bin/../lib/gcc/arm-none-eabi/4.7.3/armv6-m\libgcc.a(_clzsi2.o)
                0x00003850                __clzsi2
 *(.text*)
 .text.Default_Handler
                0x0000388c        0xc ./Project_Settings/Startup_Code/kinetis_sysinit.o
                0x0000388c                RTC_Alarm_IRQHandler
                0x0000388c                I2C0_IRQHandler
                0x0000388c                HardFault_Handler
                0x0000388c                PendSV_Handler
                0x0000388c                NMI_Handler
                0x0000388c                I2C1_IRQHandler
                0x0000388c                UART1_IRQHandler
                0x0000388c                DMA2_IRQHandler
                0x0000388c                TSI0_IRQHandler
                0x0000388c                SPI1_IRQHandler
                0x0000388c                PORTD_IRQHandler
                0x0000388c                LPTimer_IRQHandler
                0x0000388c                RTC_Seconds_IRQHandler
                0x0000388c                MCG_IRQHandler
                0x0000388c                UART2_IRQHandler
                0x0000388c                Default_Handler
                0x0000388c                LLW_IRQHandler
                0x0000388c                SVC_Handler
                0x0000388c                USBOTG_IRQHandler
                0x0000388c                DMA3_IRQHandler
                0x0000388c                DMA0_IRQHandler
                0x0000388c                DAC0_IRQHandler
                0x0000388c                PMC_IRQHandler
                0x0000388c                SPI0_IRQHandler
                0x0000388c                FTM0_IRQHandler
                0x0000388c                PORTA_IRQHandler
                0x0000388c                MCM_IRQHandler
                0x0000388c                FTFL_IRQHandler
                0x0000388c                FTM2_IRQHandler
                0x0000388c                CMP0_IRQHandler
                0x0000388c                DMA1_IRQHandler
 .text.__init_hardware
                0x00003898       0x2c ./Project_Settings/Startup_Code/kinetis_sysinit.o
                0x00003898                __init_hardware
 .text.zero_fill_bss
                0x000038c4       0x24 ./Project_Settings/Startup_Code/__arm_start.o
 .text.__thumb_startup
                0x000038e8       0x30 ./Project_Settings/Startup_Code/__arm_start.o
                0x000038e8                __thumb_startup
 .text._ExitProcess
                0x00003918        0xc ./Project_Settings/Startup_Code/__arm_end.o
                0x00003918                _ExitProcess
 .text.enable_irq
                0x00003924       0x6c ./Sources/TFC/TFC_arm_cm0.o
                0x00003924                enable_irq
 .text.disable_irq
                0x00003990       0x40 ./Sources/TFC/TFC_arm_cm0.o
                0x00003990                disable_irq
 .text.TFC_InitUARTs
                0x000039d0       0xd0 ./Sources/TFC/TFC_UART.o
                0x000039d0                TFC_InitUARTs
 .text.TFC_UART_Process
                0x00003aa0       0x40 ./Sources/TFC/TFC_UART.o
                0x00003aa0                TFC_UART_Process
 .text.UART0_IRQHandler
                0x00003ae0       0x78 ./Sources/TFC/TFC_UART.o
                0x00003ae0                UART0_IRQHandler
 .text.uart0_init
                0x00003b58      0x22c ./Sources/TFC/TFC_UART.o
                0x00003b58                uart0_init
 .text.TerminalBootMsg
                0x00003d84       0x6c ./Sources/TFC/TFC_Terminal.o
                0x00003d84                TerminalBootMsg
 .text.TFC_InitTerminal
                0x00003df0       0x20 ./Sources/TFC/TFC_Terminal.o
                0x00003df0                TFC_InitTerminal
 .text.TerminalCmd_Help
                0x00003e10       0xa4 ./Sources/TFC/TFC_Terminal.o
                0x00003e10                TerminalCmd_Help
 .text.TerminalCmd_E
                0x00003eb4       0x30 ./Sources/TFC/TFC_Terminal.o
                0x00003eb4                TerminalCmd_E
 .text.TerminalCmd_D
                0x00003ee4       0x3c ./Sources/TFC/TFC_Terminal.o
                0x00003ee4                TerminalCmd_D
 .text.TerminalCmd_GetLineScan
                0x00003f20      0x118 ./Sources/TFC/TFC_Terminal.o
                0x00003f20                TerminalCmd_GetLineScan
 .text.TerminalCmd_S
                0x00004038       0xac ./Sources/TFC/TFC_Terminal.o
                0x00004038                TerminalCmd_S
 .text.TerminalCmd_H
                0x000040e4       0xa8 ./Sources/TFC/TFC_Terminal.o
                0x000040e4                TerminalCmd_H
 .text.TFC_ProcessTerminal
                0x0000418c      0x2c0 ./Sources/TFC/TFC_Terminal.o
                0x0000418c                TFC_ProcessTerminal
 .text.TerminalCmd_1
                0x0000444c       0x2c ./Sources/TFC/TFC_Terminal.o
                0x0000444c                TerminalCmd_1
 .text.TerminalCmd_0
                0x00004478       0x24 ./Sources/TFC/TFC_Terminal.o
                0x00004478                TerminalCmd_0
 .text.TFC_SetSteeringAngle
                0x0000449c       0x24 ./Sources/TFC/TFC_Servo.o
                0x0000449c                TFC_SetSteeringAngle
 .text.TFC_SetServo
                0x000044c0       0x90 ./Sources/TFC/TFC_Servo.o
                0x000044c0                TFC_SetServo
 .text.TFC_SetServoDutyCycle
                0x00004550       0x68 ./Sources/TFC/TFC_Servo.o
                0x00004550                TFC_SetServoDutyCycle
 .text.FTM1_IRQHandler
                0x000045b8       0x40 ./Sources/TFC/TFC_Servo.o
                0x000045b8                FTM1_IRQHandler
 .text.TFC_InitServos
                0x000045f8       0xd4 ./Sources/TFC/TFC_Servo.o
                0x000045f8                TFC_InitServos
 .text.InitByteQueue
                0x000046cc       0x6c ./Sources/TFC/TFC_Queue.o
                0x000046cc                InitByteQueue
 .text.BytesInQueue
                0x00004738       0x50 ./Sources/TFC/TFC_Queue.o
                0x00004738                BytesInQueue
 .text.ByteEnqueue
                0x00004788       0x64 ./Sources/TFC/TFC_Queue.o
                0x00004788                ByteEnqueue
 .text.ByteArrayEnqueue
                0x000047ec       0x58 ./Sources/TFC/TFC_Queue.o
                0x000047ec                ByteArrayEnqueue
 .text.Qprintf  0x00004844       0x50 ./Sources/TFC/TFC_Queue.o
                0x00004844                Qprintf
 .text.ByteDequeue
                0x00004894       0x5c ./Sources/TFC/TFC_Queue.o
                0x00004894                ByteDequeue
 .text.ForcedByteDequeue
                0x000048f0       0x58 ./Sources/TFC/TFC_Queue.o
                0x000048f0                ForcedByteDequeue
 .text.TFC_InitMotorPWM
                0x00004948       0xd4 ./Sources/TFC/TFC_Motor.o
                0x00004948                TFC_InitMotorPWM
 *fill*         0x00004a1c        0x4 00
 .text.TFC_SetMotorPWM
                0x00004a20      0x140 ./Sources/TFC/TFC_Motor.o
                0x00004a20                TFC_SetMotorPWM
 .text.TFC_InitLineScanCamera
                0x00004b60       0xb4 ./Sources/TFC/TFC_LineScanCamera.o
                0x00004b60                TFC_InitLineScanCamera
 *fill*         0x00004c14        0x4 00
 .text.TFC_SetLineScanExposureTime
                0x00004c18       0x70 ./Sources/TFC/TFC_LineScanCamera.o
                0x00004c18                TFC_SetLineScanExposureTime
 .text.TFC_LineScanImageToDigital
                0x00004c88      0x1b8 ./Sources/TFC/TFC_LineScanCamera.o
                0x00004c88                TFC_LineScanImageToDigital
 .text.TFC_GetAngleToTrackCenter
                0x00004e40       0x88 ./Sources/TFC/TFC_LineScanCamera.o
                0x00004e40                TFC_GetAngleToTrackCenter
 .text.TFC_InitClock
                0x00004ec8       0x24 ./Sources/TFC/TFC_CrystalClock.o
                0x00004ec8                TFC_InitClock
 .text.pll_init
                0x00004eec      0x548 ./Sources/TFC/TFC_CrystalClock.o
                0x00004eec                pll_init
 .text.TFC_InitGPIO
                0x00005434       0xb4 ./Sources/TFC/TFC_BoardSupport.o
                0x00005434                TFC_InitGPIO
 .text.TFC_SetBatteryLED_Level
                0x000054e8       0x78 ./Sources/TFC/TFC_BoardSupport.o
                0x000054e8                TFC_SetBatteryLED_Level
 .text.TFC_InitSysTick
                0x00005560       0x4c ./Sources/TFC/TFC_ARM_SysTick.o
                0x00005560                TFC_InitSysTick
 .text.SysTick_Handler
                0x000055ac       0x60 ./Sources/TFC/TFC_ARM_SysTick.o
                0x000055ac                SysTick_Handler
 .text.ADC_Cal  0x0000560c      0x1b4 ./Sources/TFC/TFC_ADC.o
                0x0000560c                ADC_Cal
 .text.ADC_Config_Alt
                0x000057c0       0x60 ./Sources/TFC/TFC_ADC.o
                0x000057c0                ADC_Config_Alt
 .text.InitADC0
                0x00005820       0x90 ./Sources/TFC/TFC_ADC.o
                0x00005820                InitADC0
 .text.TFC_InitADCs
                0x000058b0       0x70 ./Sources/TFC/TFC_ADC.o
                0x000058b0                TFC_InitADCs
 .text.PIT_IRQHandler
                0x00005920       0x40 ./Sources/TFC/TFC_ADC.o
                0x00005920                PIT_IRQHandler
 .text.ADC0_IRQHandler
                0x00005960      0x224 ./Sources/TFC/TFC_ADC.o
                0x00005960                ADC0_IRQHandler
 *fill*         0x00005b84        0x4 00
 .text.TFC_ReadPot
                0x00005b88       0xc0 ./Sources/TFC/TFC_ADC.o
                0x00005b88                TFC_ReadPot
 .text.TFC_Init
                0x00005c48       0x44 ./Sources/TFC/TFC.o
                0x00005c48                TFC_Init
 .text.TFC_Task
                0x00005c8c       0x10 ./Sources/TFC/TFC.o
                0x00005c8c                TFC_Task
 *fill*         0x00005c9c        0x4 00
 .text.main     0x00005ca0      0x210 ./Sources/main.o
                0x00005ca0                main
 .text.sscanf   0x00005eb0       0x18 F:/CW MCU v10.6/MCU/ARM_GCC_Support/ewl/lib/armv6-m\libc.a(sscanf.o)
                0x00005eb0                sscanf
 .text.vsprintf
                0x00005ec8       0x12 F:/CW MCU v10.6/MCU/ARM_GCC_Support/ewl/lib/armv6-m\libc.a(vsprintf.o)
                0x00005ec8                vsprintf
 .text.__StringRead
                0x00005eda       0x3c F:/CW MCU v10.6/MCU/ARM_GCC_Support/ewl/lib/armv6-m\libc.a(vsscanf.o)
                0x00005eda                __StringRead
 *fill*         0x00005f16        0x2 00
 .text.vsscanf  0x00005f18       0x30 F:/CW MCU v10.6/MCU/ARM_GCC_Support/ewl/lib/armv6-m\libc.a(vsscanf.o)
                0x00005f18                vsscanf
 .text.sbrk     0x00005f48       0x2c F:/CW MCU v10.6/MCU/ARM_GCC_Support/ewl/lib/armv6-m\libc.a(alloc.o)
                0x00005f48                sbrk
 .text.malloc   0x00005f74      0x114 F:/CW MCU v10.6/MCU/ARM_GCC_Support/ewl/lib/armv6-m\libc.a(alloc.o)
                0x00005f74                malloc
 .text.exit     0x00006088       0x38 F:/CW MCU v10.6/MCU/ARM_GCC_Support/ewl/lib/armv6-m\libc.a(exit.o)
                0x00006088                exit
 .text.memcpy   0x000060c0       0x12 F:/CW MCU v10.6/MCU/ARM_GCC_Support/ewl/lib/armv6-m\libc.a(memcpy.o)
                0x000060c0                memcpy
 .text.memset   0x000060d2        0xc F:/CW MCU v10.6/MCU/ARM_GCC_Support/ewl/lib/armv6-m\libc.a(memset.o)
                0x000060d2                memset
 .text.strcmp   0x000060de       0x1c F:/CW MCU v10.6/MCU/ARM_GCC_Support/ewl/lib/armv6-m\libc.a(strcmp.o)
                0x000060de                strcmp
 .text.strcpy   0x000060fa       0x10 F:/CW MCU v10.6/MCU/ARM_GCC_Support/ewl/lib/armv6-m\libc.a(strcpy.o)
                0x000060fa                strcpy
 .text.strlen   0x0000610a       0x10 F:/CW MCU v10.6/MCU/ARM_GCC_Support/ewl/lib/armv6-m\libc.a(strlen.o)
                0x0000610a                strlen
 *fill*         0x0000611a        0x2 00
 .text.long2str.isra.0
                0x0000611c      0x19c F:/CW MCU v10.6/MCU/ARM_GCC_Support/ewl/lib/armv6-m\libc.a(printformat_.o)
 .text.__pformatter_
                0x000062b8      0x428 F:/CW MCU v10.6/MCU/ARM_GCC_Support/ewl/lib/armv6-m\libc.a(printformat_.o)
                0x000062b8                __pformatter_
 .text.__sformatter
                0x000066e0      0x698 F:/CW MCU v10.6/MCU/ARM_GCC_Support/ewl/lib/armv6-m\libc.a(scanformat_.o)
                0x000066e0                __sformatter
 .text.isalpha  0x00006d78       0x20 F:/CW MCU v10.6/MCU/ARM_GCC_Support/ewl/lib/armv6-m\libc.a(ctype_aeabi.o)
                0x00006d78                isalpha
 .text.isspace  0x00006d98       0x20 F:/CW MCU v10.6/MCU/ARM_GCC_Support/ewl/lib/armv6-m\libc.a(ctype_aeabi.o)
                0x00006d98                isspace
 .text.toupper  0x00006db8        0xe F:/CW MCU v10.6/MCU/ARM_GCC_Support/ewl/lib/armv6-m\libc.a(ctype_aeabi.o)
                0x00006db8                toupper
 .text.__StringWrite
                0x00006dc6       0x26 F:/CW MCU v10.6/MCU/ARM_GCC_Support/ewl/lib/armv6-m\libc.a(vsnprintf.o)
                0x00006dc6                __StringWrite
 .text.vsnprintf
                0x00006dec       0x38 F:/CW MCU v10.6/MCU/ARM_GCC_Support/ewl/lib/armv6-m\libc.a(vsnprintf.o)
                0x00006dec                vsnprintf
 .text.__strtoul
                0x00006e24      0x1ce F:/CW MCU v10.6/MCU/ARM_GCC_Support/ewl/lib/armv6-m\libc.a(__strtoul.o)
                0x00006e24                __strtoul
 .text.__fill_mem
                0x00006ff2       0x7e F:/CW MCU v10.6/MCU/ARM_GCC_Support/ewl/lib/armv6-m\libc.a(__filll_mem.o)
                0x00006ff2                __fill_mem
 .text.memchr   0x00007070       0x1a F:/CW MCU v10.6/MCU/ARM_GCC_Support/ewl/lib/armv6-m\libc.a(memchr.o)
                0x00007070                memchr
 .text.strchr   0x0000708a       0x1e F:/CW MCU v10.6/MCU/ARM_GCC_Support/ewl/lib/armv6-m\libc.a(strchr.o)
                0x0000708a                strchr
 .text.atan2    0x000070a8        0x8 F:/CW MCU v10.6/MCU/ARM_GCC_Support/ewl/lib/armv6-m\libm.a(w_atan2.o)
                0x000070a8                atan2
 .text.__ieee754_atan2
                0x000070b0      0x1c8 F:/CW MCU v10.6/MCU/ARM_GCC_Support/ewl/lib/armv6-m\libm.a(e_atan2.o)
                0x000070b0                __ieee754_atan2
 .text.atan     0x00007278      0x358 F:/CW MCU v10.6/MCU/ARM_GCC_Support/ewl/lib/armv6-m\libm.a(s_atan.o)
                0x00007278                atan
 .text.__init_cpp
                0x000075d0       0x48 F:/CW MCU v10.6/MCU/ARM_GCC_Support/ewl/lib/armv6-m\librt.a(gcc_ctor_dtor.o)
                0x000075d0                __init_cpp
 .text.__fini_cpp
                0x00007618       0x34 F:/CW MCU v10.6/MCU/ARM_GCC_Support/ewl/lib/armv6-m\librt.a(gcc_ctor_dtor.o)
                0x00007618                __fini_cpp
 .text.__copy_rom_section
                0x0000764c       0x48 F:/CW MCU v10.6/MCU/ARM_GCC_Support/ewl/lib/armv6-m\librt.a(ROMCopy.o)
                0x0000764c                __copy_rom_section
 .text.__copy_rom_sections_to_ram
                0x00007694       0x34 F:/CW MCU v10.6/MCU/ARM_GCC_Support/ewl/lib/armv6-m\librt.a(ROMCopy.o)
                0x00007694                __copy_rom_sections_to_ram
 .text.__destroy_global_chain
                0x000076c8       0x1c F:/CW MCU v10.6/MCU/ARM_GCC_Support/ewl/lib/armv6-m\librt.a(__arm_eabi_init.o)
                0x000076c8                __destroy_global_chain
 .text.__init_registers
                0x000076e4       0x1c F:/CW MCU v10.6/MCU/ARM_GCC_Support/ewl/lib/armv6-m\librt.a(__arm_eabi_init.o)
                0x000076e4                __init_registers
 .text.__init_user
                0x00007700        0x4 F:/CW MCU v10.6/MCU/ARM_GCC_Support/ewl/lib/armv6-m\librt.a(__arm_eabi_init.o)
                0x00007700                __init_user
 *(.rodata)
 .rodata        0x00007704      0x380 ./Sources/TFC/TFC_Terminal.o
 .rodata        0x00007a84       0x18 ./Sources/main.o
 .rodata        0x00007a9c       0x40 f:/cw mcu v10.6/cross_tools/arm-none-eabi-gcc-4_7_3/bin/../lib/gcc/arm-none-eabi/4.7.3/armv6-m\libgcc.a(divsf3.o)
 .rodata        0x00007adc       0x40 f:/cw mcu v10.6/cross_tools/arm-none-eabi-gcc-4_7_3/bin/../lib/gcc/arm-none-eabi/4.7.3/armv6-m\libgcc.a(mulsf3.o)
 .rodata        0x00007b1c       0x40 f:/cw mcu v10.6/cross_tools/arm-none-eabi-gcc-4_7_3/bin/../lib/gcc/arm-none-eabi/4.7.3/armv6-m\libgcc.a(divdf3.o)
 .rodata        0x00007b5c       0x40 f:/cw mcu v10.6/cross_tools/arm-none-eabi-gcc-4_7_3/bin/../lib/gcc/arm-none-eabi/4.7.3/armv6-m\libgcc.a(muldf3.o)
 *(.rodata*)
 .rodata.NUM_PIXELS
                0x00007b9c        0x1 ./Sources/main.o
                0x00007b9c                NUM_PIXELS
 *fill*         0x00007b9d        0x3 00
 .rodata.CAMERA_AIM_POINT_FLOAT
                0x00007ba0        0x4 ./Sources/main.o
                0x00007ba0                CAMERA_AIM_POINT_FLOAT
 .rodata.str1.1
                0x00007ba4        0x1 F:/CW MCU v10.6/MCU/ARM_GCC_Support/ewl/lib/armv6-m\libc.a(printformat_.o)
 .rodata.CSWTCH.20
                0x00007ba5        0x5 F:/CW MCU v10.6/MCU/ARM_GCC_Support/ewl/lib/armv6-m\libc.a(printformat_.o)
 .rodata.CSWTCH.21
                0x00007baa        0x5 F:/CW MCU v10.6/MCU/ARM_GCC_Support/ewl/lib/armv6-m\libc.a(printformat_.o)
 .rodata.__aeabi_ctype_table_C
                0x00007baf      0x101 F:/CW MCU v10.6/MCU/ARM_GCC_Support/ewl/lib/armv6-m\libc.a(ctype_aeabi.o)
                0x00007baf                __aeabi_ctype_table_C
 .rodata.atanlo
                0x00007cb0       0x20 F:/CW MCU v10.6/MCU/ARM_GCC_Support/ewl/lib/armv6-m\libm.a(s_atan.o)
 .rodata.atanhi
                0x00007cd0       0x20 F:/CW MCU v10.6/MCU/ARM_GCC_Support/ewl/lib/armv6-m\libm.a(s_atan.o)
 *(.glue_7)
 .glue_7        0x00000000        0x0 linker stubs
 *(.glue_7t)
 .glue_7t       0x00000000        0x0 linker stubs
 *(.eh_frame)
 *(.init)
 *(.fini)
                0x00007cf0                . = ALIGN (0x4)
                0x00007cf0                _etext = .

.vfp11_veneer   0x00007cf0        0x0
 .vfp11_veneer  0x00000000        0x0 linker stubs

.v4_bx          0x00007cf0        0x0
 .v4_bx         0x00000000        0x0 linker stubs

.iplt           0x00007cf0        0x0
 .iplt          0x00000000        0x0 ./Project_Settings/Startup_Code/kinetis_sysinit.o

.rel.dyn        0x00007cf0        0x0
 .rel.iplt      0x00000000        0x0 ./Project_Settings/Startup_Code/kinetis_sysinit.o

.ARM.extab
 *(.ARM.extab* .gnu.linkonce.armextab.*)

.ARM            0x00007cf0        0x0
                0x00007cf0                __exidx_start = .
 *(.ARM.exidx*)
                0x00007cf0                __exidx_end = .

.ctors          0x00007cf0        0x0
                0x00007cf0                __CTOR_LIST__ = .
 *crtbegin.o(.ctors)
 *(EXCLUDE_FILE(*crtend.o) .ctors)
 *(SORT(.ctors.*))
 *(.ctors)
                0x00007cf0                __CTOR_END__ = .

.dtors          0x00007cf0        0x0
                0x00007cf0                __DTOR_LIST__ = .
 *crtbegin.o(.dtors)
 *(EXCLUDE_FILE(*crtend.o) .dtors)
 *(SORT(.dtors.*))
 *(.dtors)
                0x00007cf0                __DTOR_END__ = .

.preinit_array  0x00007cf0        0x0
                0x00007cf0                PROVIDE (__preinit_array_start, .)
 *(.preinit_array*)
                0x00007cf0                PROVIDE (__preinit_array_end, .)

.init_array     0x00007cf0        0x0
                0x00007cf0                PROVIDE (__init_array_start, .)
 *(SORT(.init_array.*))
 *(.init_array*)
                0x00007cf0                PROVIDE (__init_array_end, .)

.fini_array     0x00007cf0        0x0
                0x00007cf0                PROVIDE (__fini_array_start, .)
 *(SORT(.fini_array.*))
 *(.fini_array*)
                0x00007cf0                PROVIDE (__fini_array_end, .)
                0x00007cf0                ___ROM_AT = .

.mtb            0x1ffff000        0x0
                0x1ffff000                . = ALIGN (0x8)
                0x1ffff000                _mtb_start = .
 *(.mtb_buf)
                0x1ffff000                . = ALIGN (0x8)
                0x1ffff000                _mtb_end = .

.data           0x1ffff000       0x64 load address 0x00007cf0
                0x1ffff000                . = ALIGN (0x4)
                0x1ffff000                _sdata = .
 *(.data)
 *(.data*)
 .data.MyTerminalCallbackRecords
                0x1ffff000       0x60 ./Sources/TFC/TFC_Terminal.o
                0x1ffff000                MyTerminalCallbackRecords
 .data.tail     0x1ffff060        0x4 F:/CW MCU v10.6/MCU/ARM_GCC_Support/ewl/lib/armv6-m\libc.a(alloc.o)
                0x1ffff064                . = ALIGN (0x4)
                0x1ffff064                _edata = .
                0x00000064                ___data_size = (_edata - _sdata)

.igot.plt       0x1ffff064        0x0 load address 0x00007d54
 .igot.plt      0x00000000        0x0 ./Project_Settings/Startup_Code/kinetis_sysinit.o
                0x1ffff064                . = ALIGN (0x4)

.bss            0x1ffff064      0xe90 load address 0x00007d54
                0x1ffff064                __START_BSS = .
                0x1ffff064                PROVIDE (__bss_start__, __START_BSS)
 *(.bss)
 *(.bss*)
 .bss.argv      0x1ffff064        0x4 ./Project_Settings/Startup_Code/__arm_start.o
 .bss.StringBuffer
                0x1ffff068      0x100 ./Sources/TFC/TFC_Queue.o
 .bss.LineScanImageReady
                0x1ffff168        0x1 ./Sources/TFC/TFC_LineScanCamera.o
                0x1ffff168                LineScanImageReady
 .bss.WhiteThresh.5968
                0x1ffff169        0x1 ./Sources/TFC/TFC_LineScanCamera.o
 *fill*         0x1ffff16a        0x2 00
 .bss.i.5967    0x1ffff16c        0x4 ./Sources/TFC/TFC_LineScanCamera.o
 .bss.Edge_Left.5969
                0x1ffff170        0x1 ./Sources/TFC/TFC_LineScanCamera.o
 .bss.Edge_Right.5970
                0x1ffff171        0x1 ./Sources/TFC/TFC_LineScanCamera.o
 *fill*         0x1ffff172        0x2 00
 .bss.DelayTimerTick
                0x1ffff174        0x4 ./Sources/TFC/TFC_ARM_SysTick.o
 .bss.CurrentADC_State
                0x1ffff178        0x1 ./Sources/TFC/TFC_ADC.o
 .bss.CurrentLineScanPixel
                0x1ffff179        0x1 ./Sources/TFC/TFC_ADC.o
                0x1ffff179                CurrentLineScanPixel
 .bss.CurrentLineScanChannel
                0x1ffff17a        0x1 ./Sources/TFC/TFC_ADC.o
                0x1ffff17a                CurrentLineScanChannel
 *fill*         0x1ffff17b        0x1 00
 .bss.head      0x1ffff17c        0x4 F:/CW MCU v10.6/MCU/ARM_GCC_Support/ewl/lib/armv6-m\libc.a(alloc.o)
 .bss.heap_end.4347
                0x1ffff180        0x4 F:/CW MCU v10.6/MCU/ARM_GCC_Support/ewl/lib/armv6-m\libc.a(alloc.o)
 .bss.__stdio_exit
                0x1ffff184        0x4 F:/CW MCU v10.6/MCU/ARM_GCC_Support/ewl/lib/armv6-m\libc.a(exit.o)
                0x1ffff184                __stdio_exit
 .bss.__console_exit
                0x1ffff188        0x4 F:/CW MCU v10.6/MCU/ARM_GCC_Support/ewl/lib/armv6-m\libc.a(exit.o)
                0x1ffff188                __console_exit
 .bss.__S_romp  0x1ffff18c        0xc F:/CW MCU v10.6/MCU/ARM_GCC_Support/ewl/lib/armv6-m\librt.a(ROMCopy.o)
 .bss.__global_destructor_chain
                0x1ffff198        0x4 F:/CW MCU v10.6/MCU/ARM_GCC_Support/ewl/lib/armv6-m\librt.a(__arm_eabi_init.o)
                0x1ffff198                __global_destructor_chain
 *(COMMON)
 COMMON         0x1ffff19c      0x898 ./Sources/TFC/TFC_UART.o
                0x1ffff19c                SDA_SERIAL_INCOMING_QUEUE
                0x1ffff1a8                SDA_SERIAL_OUTGOING_QUEUE
                0x1ffff1b4                SDA_SERIAL_INCOMING_QUEUE_Storage
                0x1ffff234                SDA_SERIAL_OUTGOING_QUEUE_Storage
 COMMON         0x1ffffa34       0x86 ./Sources/TFC/TFC_Terminal.o
                0x1ffffa34                CmdFound
                0x1ffffa35                NextCharIn
                0x1ffffa38                TerminalLineBuf
                0x1ffffa78                TerminalArgs
                0x1ffffa98                TerminalCmdBuf
                0x1ffffab9                TerminalPos
 COMMON         0x1ffffaba        0x1 ./Sources/TFC/TFC_Servo.o
                0x1ffffaba                ServoTickVar
 *fill*         0x1ffffabb        0x1 00
 COMMON         0x1ffffabc      0x41c ./Sources/TFC/TFC_LineScanCamera.o
                0x1ffffabc                LineScanWorkingBuffer
                0x1ffffac0                LineScanImage1
                0x1ffffac4                LineScanImage0Buffer
                0x1ffffcc4                LineScanImage0WorkingBuffer
                0x1ffffcc8                LineScanImage1Buffer
                0x1ffffec8                LineScanImage0
                0x1ffffecc                moving_buffer_setpoint
                0x1ffffed4                LineScanImage1WorkingBuffer
 COMMON         0x1ffffed8       0x10 ./Sources/TFC/TFC_ARM_SysTick.o
                0x1ffffed8                TFC_Ticker
 COMMON         0x1ffffee8        0x6 ./Sources/TFC/TFC_ADC.o
                0x1ffffee8                PotADC_Value
                0x1ffffeec                BatSenseADC_Value
 *fill*         0x1ffffeee        0x2 00
 COMMON         0x1ffffef0        0x4 F:/CW MCU v10.6/MCU/ARM_GCC_Support/ewl/lib/armv6-m\libc.a(errno.o)
                0x1ffffef0                errno
                0x1ffffef4                . = ALIGN (0x4)
                0x1ffffef4                __END_BSS = .
                0x1ffffef4                PROVIDE (__bss_end__, __END_BSS)
                0x00007d54                _romp_at = (___ROM_AT + SIZEOF (.data))

.romp           0x1ffffef4       0x18 load address 0x00007d54
                0x00007d54                __S_romp = _romp_at
                0x1ffffef4        0x4 LONG 0x7cf0 ___ROM_AT
                0x1ffffef8        0x4 LONG 0x1ffff000 _sdata
                0x1ffffefc        0x4 LONG 0x64 ___data_size
                0x1fffff00        0x4 LONG 0x0
                0x1fffff04        0x4 LONG 0x0
                0x1fffff08        0x4 LONG 0x0

._user_heap_stack
                0x1fffff0c      0x800 load address 0x00007d6c
                0x1fffff0c                . = ALIGN (0x4)
                0x1fffff0c                PROVIDE (end, .)
                0x1fffff0c                PROVIDE (_end, .)
                0x1fffff0c                __heap_addr = .
                0x2000030c                . = (. + __heap_size)
 *fill*         0x1fffff0c      0x400 00
                0x2000070c                . = (. + __stack_size)
 *fill*         0x2000030c      0x400 00
                0x2000070c                . = ALIGN (0x4)

.ARM.attributes
                0x00000000       0x31
 *(.ARM.attributes)
 .ARM.attributes
                0x00000000       0x31 ./Project_Settings/Startup_Code/kinetis_sysinit.o
 .ARM.attributes
                0x00000031       0x31 ./Project_Settings/Startup_Code/__arm_start.o
 .ARM.attributes
                0x00000062       0x31 ./Project_Settings/Startup_Code/__arm_end.o
 .ARM.attributes
                0x00000093       0x31 ./Sources/TFC/TFC_arm_cm0.o
 .ARM.attributes
                0x000000c4       0x31 ./Sources/TFC/TFC_UART.o
 .ARM.attributes
                0x000000f5       0x31 ./Sources/TFC/TFC_Terminal.o
 .ARM.attributes
                0x00000126       0x31 ./Sources/TFC/TFC_Servo.o
 .ARM.attributes
                0x00000157       0x31 ./Sources/TFC/TFC_Queue.o
 .ARM.attributes
                0x00000188       0x31 ./Sources/TFC/TFC_Motor.o
 .ARM.attributes
                0x000001b9       0x31 ./Sources/TFC/TFC_LineScanCamera.o
 .ARM.attributes
                0x000001ea       0x31 ./Sources/TFC/TFC_CrystalClock.o
 .ARM.attributes
                0x0000021b       0x31 ./Sources/TFC/TFC_BoardSupport.o
 .ARM.attributes
                0x0000024c       0x31 ./Sources/TFC/TFC_ARM_SysTick.o
 .ARM.attributes
                0x0000027d       0x31 ./Sources/TFC/TFC_ADC.o
 .ARM.attributes
                0x000002ae       0x31 ./Sources/TFC/TFC.o
 .ARM.attributes
                0x000002df       0x31 ./Sources/main.o
 .ARM.attributes
                0x00000310       0x31 F:/CW MCU v10.6/MCU/ARM_GCC_Support/ewl/lib/armv6-m\libc.a(sscanf.o)
 .ARM.attributes
                0x00000341       0x31 F:/CW MCU v10.6/MCU/ARM_GCC_Support/ewl/lib/armv6-m\libc.a(vsprintf.o)
 .ARM.attributes
                0x00000372       0x31 F:/CW MCU v10.6/MCU/ARM_GCC_Support/ewl/lib/armv6-m\libc.a(vsscanf.o)
 .ARM.attributes
                0x000003a3       0x31 F:/CW MCU v10.6/MCU/ARM_GCC_Support/ewl/lib/armv6-m\libc.a(alloc.o)
 .ARM.attributes
                0x000003d4       0x31 F:/CW MCU v10.6/MCU/ARM_GCC_Support/ewl/lib/armv6-m\libc.a(exit.o)
 .ARM.attributes
                0x00000405       0x31 F:/CW MCU v10.6/MCU/ARM_GCC_Support/ewl/lib/armv6-m\libc.a(memcpy.o)
 .ARM.attributes
                0x00000436       0x31 F:/CW MCU v10.6/MCU/ARM_GCC_Support/ewl/lib/armv6-m\libc.a(memset.o)
 .ARM.attributes
                0x00000467       0x31 F:/CW MCU v10.6/MCU/ARM_GCC_Support/ewl/lib/armv6-m\libc.a(strcmp.o)
 .ARM.attributes
                0x00000498       0x31 F:/CW MCU v10.6/MCU/ARM_GCC_Support/ewl/lib/armv6-m\libc.a(strcpy.o)
 .ARM.attributes
                0x000004c9       0x31 F:/CW MCU v10.6/MCU/ARM_GCC_Support/ewl/lib/armv6-m\libc.a(strlen.o)
 .ARM.attributes
                0x000004fa       0x31 F:/CW MCU v10.6/MCU/ARM_GCC_Support/ewl/lib/armv6-m\libc.a(printformat_.o)
 .ARM.attributes
                0x0000052b       0x31 F:/CW MCU v10.6/MCU/ARM_GCC_Support/ewl/lib/armv6-m\libc.a(scanformat_.o)
 .ARM.attributes
                0x0000055c       0x31 F:/CW MCU v10.6/MCU/ARM_GCC_Support/ewl/lib/armv6-m\libc.a(ctype_aeabi.o)
 .ARM.attributes
                0x0000058d       0x31 F:/CW MCU v10.6/MCU/ARM_GCC_Support/ewl/lib/armv6-m\libc.a(vsnprintf.o)
 .ARM.attributes
                0x000005be       0x31 F:/CW MCU v10.6/MCU/ARM_GCC_Support/ewl/lib/armv6-m\libc.a(__strtoul.o)
 .ARM.attributes
                0x000005ef       0x31 F:/CW MCU v10.6/MCU/ARM_GCC_Support/ewl/lib/armv6-m\libc.a(__filll_mem.o)
 .ARM.attributes
                0x00000620       0x31 F:/CW MCU v10.6/MCU/ARM_GCC_Support/ewl/lib/armv6-m\libc.a(memchr.o)
 .ARM.attributes
                0x00000651       0x31 F:/CW MCU v10.6/MCU/ARM_GCC_Support/ewl/lib/armv6-m\libc.a(strchr.o)
 .ARM.attributes
                0x00000682       0x31 F:/CW MCU v10.6/MCU/ARM_GCC_Support/ewl/lib/armv6-m\libm.a(w_atan2.o)
 .ARM.attributes
                0x000006b3       0x31 F:/CW MCU v10.6/MCU/ARM_GCC_Support/ewl/lib/armv6-m\libm.a(e_atan2.o)
 .ARM.attributes
                0x000006e4       0x31 F:/CW MCU v10.6/MCU/ARM_GCC_Support/ewl/lib/armv6-m\libm.a(s_atan.o)
 .ARM.attributes
                0x00000715       0x1e f:/cw mcu v10.6/cross_tools/arm-none-eabi-gcc-4_7_3/bin/../lib/gcc/arm-none-eabi/4.7.3/armv6-m\libgcc.a(_thumb1_case_sqi.o)
 .ARM.attributes
                0x00000733       0x1e f:/cw mcu v10.6/cross_tools/arm-none-eabi-gcc-4_7_3/bin/../lib/gcc/arm-none-eabi/4.7.3/armv6-m\libgcc.a(_thumb1_case_uqi.o)
 .ARM.attributes
                0x00000751       0x1e f:/cw mcu v10.6/cross_tools/arm-none-eabi-gcc-4_7_3/bin/../lib/gcc/arm-none-eabi/4.7.3/armv6-m\libgcc.a(_udivsi3.o)
 .ARM.attributes
                0x0000076f       0x1e f:/cw mcu v10.6/cross_tools/arm-none-eabi-gcc-4_7_3/bin/../lib/gcc/arm-none-eabi/4.7.3/armv6-m\libgcc.a(_divsi3.o)
 .ARM.attributes
                0x0000078d       0x1e f:/cw mcu v10.6/cross_tools/arm-none-eabi-gcc-4_7_3/bin/../lib/gcc/arm-none-eabi/4.7.3/armv6-m\libgcc.a(_dvmd_tls.o)
 .ARM.attributes
                0x000007ab       0x1e f:/cw mcu v10.6/cross_tools/arm-none-eabi-gcc-4_7_3/bin/../lib/gcc/arm-none-eabi/4.7.3/armv6-m\libgcc.a(_arm_cmpdf2.o)
 .ARM.attributes
                0x000007c9       0x1e f:/cw mcu v10.6/cross_tools/arm-none-eabi-gcc-4_7_3/bin/../lib/gcc/arm-none-eabi/4.7.3/armv6-m\libgcc.a(_arm_cmpsf2.o)
 .ARM.attributes
                0x000007e7       0x2c f:/cw mcu v10.6/cross_tools/arm-none-eabi-gcc-4_7_3/bin/../lib/gcc/arm-none-eabi/4.7.3/armv6-m\libgcc.a(_fixunssfsi.o)
 .ARM.attributes
                0x00000813       0x2c f:/cw mcu v10.6/cross_tools/arm-none-eabi-gcc-4_7_3/bin/../lib/gcc/arm-none-eabi/4.7.3/armv6-m\libgcc.a(_fixunsdfsi.o)
 .ARM.attributes
                0x0000083f       0x2c f:/cw mcu v10.6/cross_tools/arm-none-eabi-gcc-4_7_3/bin/../lib/gcc/arm-none-eabi/4.7.3/armv6-m\libgcc.a(addsf3.o)
 .ARM.attributes
                0x0000086b       0x2c f:/cw mcu v10.6/cross_tools/arm-none-eabi-gcc-4_7_3/bin/../lib/gcc/arm-none-eabi/4.7.3/armv6-m\libgcc.a(divsf3.o)
 .ARM.attributes
                0x00000897       0x2c f:/cw mcu v10.6/cross_tools/arm-none-eabi-gcc-4_7_3/bin/../lib/gcc/arm-none-eabi/4.7.3/armv6-m\libgcc.a(eqsf2.o)
 .ARM.attributes
                0x000008c3       0x2c f:/cw mcu v10.6/cross_tools/arm-none-eabi-gcc-4_7_3/bin/../lib/gcc/arm-none-eabi/4.7.3/armv6-m\libgcc.a(gesf2.o)
 .ARM.attributes
                0x000008ef       0x2c f:/cw mcu v10.6/cross_tools/arm-none-eabi-gcc-4_7_3/bin/../lib/gcc/arm-none-eabi/4.7.3/armv6-m\libgcc.a(lesf2.o)
 .ARM.attributes
                0x0000091b       0x2c f:/cw mcu v10.6/cross_tools/arm-none-eabi-gcc-4_7_3/bin/../lib/gcc/arm-none-eabi/4.7.3/armv6-m\libgcc.a(mulsf3.o)
 .ARM.attributes
                0x00000947       0x2c f:/cw mcu v10.6/cross_tools/arm-none-eabi-gcc-4_7_3/bin/../lib/gcc/arm-none-eabi/4.7.3/armv6-m\libgcc.a(subsf3.o)
 .ARM.attributes
                0x00000973       0x2c f:/cw mcu v10.6/cross_tools/arm-none-eabi-gcc-4_7_3/bin/../lib/gcc/arm-none-eabi/4.7.3/armv6-m\libgcc.a(fixsfsi.o)
 .ARM.attributes
                0x0000099f       0x2c f:/cw mcu v10.6/cross_tools/arm-none-eabi-gcc-4_7_3/bin/../lib/gcc/arm-none-eabi/4.7.3/armv6-m\libgcc.a(floatsisf.o)
 .ARM.attributes
                0x000009cb       0x2c f:/cw mcu v10.6/cross_tools/arm-none-eabi-gcc-4_7_3/bin/../lib/gcc/arm-none-eabi/4.7.3/armv6-m\libgcc.a(floatunsisf.o)
 .ARM.attributes
                0x000009f7       0x2c f:/cw mcu v10.6/cross_tools/arm-none-eabi-gcc-4_7_3/bin/../lib/gcc/arm-none-eabi/4.7.3/armv6-m\libgcc.a(adddf3.o)
 .ARM.attributes
                0x00000a23       0x2c f:/cw mcu v10.6/cross_tools/arm-none-eabi-gcc-4_7_3/bin/../lib/gcc/arm-none-eabi/4.7.3/armv6-m\libgcc.a(divdf3.o)
 .ARM.attributes
                0x00000a4f       0x2c f:/cw mcu v10.6/cross_tools/arm-none-eabi-gcc-4_7_3/bin/../lib/gcc/arm-none-eabi/4.7.3/armv6-m\libgcc.a(eqdf2.o)
 .ARM.attributes
                0x00000a7b       0x2c f:/cw mcu v10.6/cross_tools/arm-none-eabi-gcc-4_7_3/bin/../lib/gcc/arm-none-eabi/4.7.3/armv6-m\libgcc.a(gedf2.o)
 .ARM.attributes
                0x00000aa7       0x2c f:/cw mcu v10.6/cross_tools/arm-none-eabi-gcc-4_7_3/bin/../lib/gcc/arm-none-eabi/4.7.3/armv6-m\libgcc.a(ledf2.o)
 .ARM.attributes
                0x00000ad3       0x2c f:/cw mcu v10.6/cross_tools/arm-none-eabi-gcc-4_7_3/bin/../lib/gcc/arm-none-eabi/4.7.3/armv6-m\libgcc.a(muldf3.o)
 .ARM.attributes
                0x00000aff       0x2c f:/cw mcu v10.6/cross_tools/arm-none-eabi-gcc-4_7_3/bin/../lib/gcc/arm-none-eabi/4.7.3/armv6-m\libgcc.a(subdf3.o)
 .ARM.attributes
                0x00000b2b       0x2c f:/cw mcu v10.6/cross_tools/arm-none-eabi-gcc-4_7_3/bin/../lib/gcc/arm-none-eabi/4.7.3/armv6-m\libgcc.a(fixdfsi.o)
 .ARM.attributes
                0x00000b57       0x2c f:/cw mcu v10.6/cross_tools/arm-none-eabi-gcc-4_7_3/bin/../lib/gcc/arm-none-eabi/4.7.3/armv6-m\libgcc.a(floatsidf.o)
 .ARM.attributes
                0x00000b83       0x2c f:/cw mcu v10.6/cross_tools/arm-none-eabi-gcc-4_7_3/bin/../lib/gcc/arm-none-eabi/4.7.3/armv6-m\libgcc.a(floatunsidf.o)
 .ARM.attributes
                0x00000baf       0x2c f:/cw mcu v10.6/cross_tools/arm-none-eabi-gcc-4_7_3/bin/../lib/gcc/arm-none-eabi/4.7.3/armv6-m\libgcc.a(extendsfdf2.o)
 .ARM.attributes
                0x00000bdb       0x2c f:/cw mcu v10.6/cross_tools/arm-none-eabi-gcc-4_7_3/bin/../lib/gcc/arm-none-eabi/4.7.3/armv6-m\libgcc.a(truncdfsf2.o)
 .ARM.attributes
                0x00000c07       0x1e f:/cw mcu v10.6/cross_tools/arm-none-eabi-gcc-4_7_3/bin/../lib/gcc/arm-none-eabi/4.7.3/armv6-m\libgcc.a(_clzsi2.o)
 .ARM.attributes
                0x00000c25       0x31 F:/CW MCU v10.6/MCU/ARM_GCC_Support/ewl/lib/armv6-m\librt.a(gcc_ctor_dtor.o)
 .ARM.attributes
                0x00000c56       0x31 F:/CW MCU v10.6/MCU/ARM_GCC_Support/ewl/lib/armv6-m\librt.a(ROMCopy.o)
 .ARM.attributes
                0x00000c87       0x31 F:/CW MCU v10.6/MCU/ARM_GCC_Support/ewl/lib/armv6-m\librt.a(__arm_eabi_init.o)
 .ARM.attributes
                0x00000cb8       0x31 F:/CW MCU v10.6/MCU/ARM_GCC_Support/ewl/lib/armv6-m\libc.a(errno.o)
OUTPUT(FRDM-TRC.elf elf32-littlearm)

.debug_info     0x00000000     0x7da6
 .debug_info    0x00000000      0x447 ./Project_Settings/Startup_Code/kinetis_sysinit.o
 .debug_info    0x00000447      0x12a ./Project_Settings/Startup_Code/__arm_start.o
 .debug_info    0x00000571       0x54 ./Project_Settings/Startup_Code/__arm_end.o
 .debug_info    0x000005c5      0x3cb ./Sources/TFC/TFC_arm_cm0.o
 .debug_info    0x00000990      0x860 ./Sources/TFC/TFC_UART.o
 .debug_info    0x000011f0      0x4fd ./Sources/TFC/TFC_Terminal.o
 .debug_info    0x000016ed      0x64a ./Sources/TFC/TFC_Servo.o
 .debug_info    0x00001d37      0x317 ./Sources/TFC/TFC_Queue.o
 .debug_info    0x0000204e      0x49f ./Sources/TFC/TFC_Motor.o
 .debug_info    0x000024ed      0x808 ./Sources/TFC/TFC_LineScanCamera.o
 .debug_info    0x00002cf5      0xdbd ./Sources/TFC/TFC_CrystalClock.o
 .debug_info    0x00003ab2      0x43b ./Sources/TFC/TFC_BoardSupport.o
 .debug_info    0x00003eed      0x1b1 ./Sources/TFC/TFC_ARM_SysTick.o
 .debug_info    0x0000409e      0xb45 ./Sources/TFC/TFC_ADC.o
 .debug_info    0x00004be3      0x13d ./Sources/TFC/TFC.o
 .debug_info    0x00004d20      0x277 ./Sources/main.o
 .debug_info    0x00004f97      0x118 F:/CW MCU v10.6/MCU/ARM_GCC_Support/ewl/lib/armv6-m\libc.a(sscanf.o)
 .debug_info    0x000050af      0x12a F:/CW MCU v10.6/MCU/ARM_GCC_Support/ewl/lib/armv6-m\libc.a(vsprintf.o)
 .debug_info    0x000051d9      0x253 F:/CW MCU v10.6/MCU/ARM_GCC_Support/ewl/lib/armv6-m\libc.a(vsscanf.o)
 .debug_info    0x0000542c      0x340 F:/CW MCU v10.6/MCU/ARM_GCC_Support/ewl/lib/armv6-m\libc.a(alloc.o)
 .debug_info    0x0000576c       0xe8 F:/CW MCU v10.6/MCU/ARM_GCC_Support/ewl/lib/armv6-m\libc.a(exit.o)
 .debug_info    0x00005854      0x10f F:/CW MCU v10.6/MCU/ARM_GCC_Support/ewl/lib/armv6-m\libc.a(memcpy.o)
 .debug_info    0x00005963       0xec F:/CW MCU v10.6/MCU/ARM_GCC_Support/ewl/lib/armv6-m\libc.a(memset.o)
 .debug_info    0x00005a4f      0x114 F:/CW MCU v10.6/MCU/ARM_GCC_Support/ewl/lib/armv6-m\libc.a(strcmp.o)
 .debug_info    0x00005b63      0x109 F:/CW MCU v10.6/MCU/ARM_GCC_Support/ewl/lib/armv6-m\libc.a(strcpy.o)
 .debug_info    0x00005c6c       0xea F:/CW MCU v10.6/MCU/ARM_GCC_Support/ewl/lib/armv6-m\libc.a(strlen.o)
 .debug_info    0x00005d56      0x50d F:/CW MCU v10.6/MCU/ARM_GCC_Support/ewl/lib/armv6-m\libc.a(printformat_.o)
 .debug_info    0x00006263      0x568 F:/CW MCU v10.6/MCU/ARM_GCC_Support/ewl/lib/armv6-m\libc.a(scanformat_.o)
 .debug_info    0x000067cb      0x313 F:/CW MCU v10.6/MCU/ARM_GCC_Support/ewl/lib/armv6-m\libc.a(ctype_aeabi.o)
 .debug_info    0x00006ade      0x205 F:/CW MCU v10.6/MCU/ARM_GCC_Support/ewl/lib/armv6-m\libc.a(vsnprintf.o)
 .debug_info    0x00006ce3      0x1d6 F:/CW MCU v10.6/MCU/ARM_GCC_Support/ewl/lib/armv6-m\libc.a(__strtoul.o)
 .debug_info    0x00006eb9      0x137 F:/CW MCU v10.6/MCU/ARM_GCC_Support/ewl/lib/armv6-m\libc.a(__filll_mem.o)
 .debug_info    0x00006ff0      0x121 F:/CW MCU v10.6/MCU/ARM_GCC_Support/ewl/lib/armv6-m\libc.a(memchr.o)
 .debug_info    0x00007111      0x10b F:/CW MCU v10.6/MCU/ARM_GCC_Support/ewl/lib/armv6-m\libc.a(strchr.o)
 .debug_info    0x0000721c       0xbf F:/CW MCU v10.6/MCU/ARM_GCC_Support/ewl/lib/armv6-m\libm.a(w_atan2.o)
 .debug_info    0x000072db      0x26a F:/CW MCU v10.6/MCU/ARM_GCC_Support/ewl/lib/armv6-m\libm.a(e_atan2.o)
 .debug_info    0x00007545      0x23a F:/CW MCU v10.6/MCU/ARM_GCC_Support/ewl/lib/armv6-m\libm.a(s_atan.o)
 .debug_info    0x0000777f      0x136 F:/CW MCU v10.6/MCU/ARM_GCC_Support/ewl/lib/armv6-m\librt.a(gcc_ctor_dtor.o)
 .debug_info    0x000078b5      0x19b F:/CW MCU v10.6/MCU/ARM_GCC_Support/ewl/lib/armv6-m\librt.a(ROMCopy.o)
 .debug_info    0x00007a50      0x2b9 F:/CW MCU v10.6/MCU/ARM_GCC_Support/ewl/lib/armv6-m\librt.a(__arm_eabi_init.o)
 .debug_info    0x00007d09       0x9d F:/CW MCU v10.6/MCU/ARM_GCC_Support/ewl/lib/armv6-m\libc.a(errno.o)

.debug_abbrev   0x00000000     0x25a9
 .debug_abbrev  0x00000000       0xe7 ./Project_Settings/Startup_Code/kinetis_sysinit.o
 .debug_abbrev  0x000000e7       0x92 ./Project_Settings/Startup_Code/__arm_start.o
 .debug_abbrev  0x00000179       0x4c ./Project_Settings/Startup_Code/__arm_end.o
 .debug_abbrev  0x000001c5      0x102 ./Sources/TFC/TFC_arm_cm0.o
 .debug_abbrev  0x000002c7      0x180 ./Sources/TFC/TFC_UART.o
 .debug_abbrev  0x00000447      0x169 ./Sources/TFC/TFC_Terminal.o
 .debug_abbrev  0x000005b0      0x116 ./Sources/TFC/TFC_Servo.o
 .debug_abbrev  0x000006c6      0x107 ./Sources/TFC/TFC_Queue.o
 .debug_abbrev  0x000007cd       0xed ./Sources/TFC/TFC_Motor.o
 .debug_abbrev  0x000008ba      0x17a ./Sources/TFC/TFC_LineScanCamera.o
 .debug_abbrev  0x00000a34      0x1a0 ./Sources/TFC/TFC_CrystalClock.o
 .debug_abbrev  0x00000bd4      0x106 ./Sources/TFC/TFC_BoardSupport.o
 .debug_abbrev  0x00000cda       0xfb ./Sources/TFC/TFC_ARM_SysTick.o
 .debug_abbrev  0x00000dd5      0x1d5 ./Sources/TFC/TFC_ADC.o
 .debug_abbrev  0x00000faa       0x83 ./Sources/TFC/TFC.o
 .debug_abbrev  0x0000102d       0xd3 ./Sources/main.o
 .debug_abbrev  0x00001100       0xb1 F:/CW MCU v10.6/MCU/ARM_GCC_Support/ewl/lib/armv6-m\libc.a(sscanf.o)
 .debug_abbrev  0x000011b1       0x9d F:/CW MCU v10.6/MCU/ARM_GCC_Support/ewl/lib/armv6-m\libc.a(vsprintf.o)
 .debug_abbrev  0x0000124e      0x15f F:/CW MCU v10.6/MCU/ARM_GCC_Support/ewl/lib/armv6-m\libc.a(vsscanf.o)
 .debug_abbrev  0x000013ad      0x167 F:/CW MCU v10.6/MCU/ARM_GCC_Support/ewl/lib/armv6-m\libc.a(alloc.o)
 .debug_abbrev  0x00001514       0x7a F:/CW MCU v10.6/MCU/ARM_GCC_Support/ewl/lib/armv6-m\libc.a(exit.o)
 .debug_abbrev  0x0000158e       0x95 F:/CW MCU v10.6/MCU/ARM_GCC_Support/ewl/lib/armv6-m\libc.a(memcpy.o)
 .debug_abbrev  0x00001623       0x62 F:/CW MCU v10.6/MCU/ARM_GCC_Support/ewl/lib/armv6-m\libc.a(memset.o)
 .debug_abbrev  0x00001685       0x89 F:/CW MCU v10.6/MCU/ARM_GCC_Support/ewl/lib/armv6-m\libc.a(strcmp.o)
 .debug_abbrev  0x0000170e       0x78 F:/CW MCU v10.6/MCU/ARM_GCC_Support/ewl/lib/armv6-m\libc.a(strcpy.o)
 .debug_abbrev  0x00001786       0x7a F:/CW MCU v10.6/MCU/ARM_GCC_Support/ewl/lib/armv6-m\libc.a(strlen.o)
 .debug_abbrev  0x00001800      0x200 F:/CW MCU v10.6/MCU/ARM_GCC_Support/ewl/lib/armv6-m\libc.a(printformat_.o)
 .debug_abbrev  0x00001a00      0x1f0 F:/CW MCU v10.6/MCU/ARM_GCC_Support/ewl/lib/armv6-m\libc.a(scanformat_.o)
 .debug_abbrev  0x00001bf0       0x9e F:/CW MCU v10.6/MCU/ARM_GCC_Support/ewl/lib/armv6-m\libc.a(ctype_aeabi.o)
 .debug_abbrev  0x00001c8e       0xf0 F:/CW MCU v10.6/MCU/ARM_GCC_Support/ewl/lib/armv6-m\libc.a(vsnprintf.o)
 .debug_abbrev  0x00001d7e       0xc2 F:/CW MCU v10.6/MCU/ARM_GCC_Support/ewl/lib/armv6-m\libc.a(__strtoul.o)
 .debug_abbrev  0x00001e40       0x78 F:/CW MCU v10.6/MCU/ARM_GCC_Support/ewl/lib/armv6-m\libc.a(__filll_mem.o)
 .debug_abbrev  0x00001eb8       0x95 F:/CW MCU v10.6/MCU/ARM_GCC_Support/ewl/lib/armv6-m\libc.a(memchr.o)
 .debug_abbrev  0x00001f4d       0x7a F:/CW MCU v10.6/MCU/ARM_GCC_Support/ewl/lib/armv6-m\libc.a(strchr.o)
 .debug_abbrev  0x00001fc7       0x59 F:/CW MCU v10.6/MCU/ARM_GCC_Support/ewl/lib/armv6-m\libm.a(w_atan2.o)
 .debug_abbrev  0x00002020       0xec F:/CW MCU v10.6/MCU/ARM_GCC_Support/ewl/lib/armv6-m\libm.a(e_atan2.o)
 .debug_abbrev  0x0000210c       0xed F:/CW MCU v10.6/MCU/ARM_GCC_Support/ewl/lib/armv6-m\libm.a(s_atan.o)
 .debug_abbrev  0x000021f9       0x99 F:/CW MCU v10.6/MCU/ARM_GCC_Support/ewl/lib/armv6-m\librt.a(gcc_ctor_dtor.o)
 .debug_abbrev  0x00002292      0x120 F:/CW MCU v10.6/MCU/ARM_GCC_Support/ewl/lib/armv6-m\librt.a(ROMCopy.o)
 .debug_abbrev  0x000023b2      0x1b3 F:/CW MCU v10.6/MCU/ARM_GCC_Support/ewl/lib/armv6-m\librt.a(__arm_eabi_init.o)
 .debug_abbrev  0x00002565       0x44 F:/CW MCU v10.6/MCU/ARM_GCC_Support/ewl/lib/armv6-m\libc.a(errno.o)

.debug_loc      0x00000000     0x48da
 .debug_loc     0x00000000       0x58 ./Project_Settings/Startup_Code/kinetis_sysinit.o
 .debug_loc     0x00000058       0x2c ./Project_Settings/Startup_Code/__arm_start.o
 .debug_loc     0x00000084       0x38 ./Project_Settings/Startup_Code/__arm_end.o
 .debug_loc     0x000000bc      0x138 ./Sources/TFC/TFC_arm_cm0.o
 .debug_loc     0x000001f4      0x170 ./Sources/TFC/TFC_UART.o
 .debug_loc     0x00000364      0x288 ./Sources/TFC/TFC_Terminal.o
 .debug_loc     0x000005ec      0x100 ./Sources/TFC/TFC_Servo.o
 .debug_loc     0x000006ec      0x194 ./Sources/TFC/TFC_Queue.o
 .debug_loc     0x00000880       0x64 ./Sources/TFC/TFC_Motor.o
 .debug_loc     0x000008e4      0x17c ./Sources/TFC/TFC_LineScanCamera.o
 .debug_loc     0x00000a60      0x614 ./Sources/TFC/TFC_CrystalClock.o
 .debug_loc     0x00001074       0x9c ./Sources/TFC/TFC_BoardSupport.o
 .debug_loc     0x00001110       0xa8 ./Sources/TFC/TFC_ARM_SysTick.o
 .debug_loc     0x000011b8      0x1d4 ./Sources/TFC/TFC_ADC.o
 .debug_loc     0x0000138c       0x58 ./Sources/TFC/TFC.o
 .debug_loc     0x000013e4       0x3a ./Sources/main.o
 .debug_loc     0x0000141e       0x3f F:/CW MCU v10.6/MCU/ARM_GCC_Support/ewl/lib/armv6-m\libc.a(sscanf.o)
 .debug_loc     0x0000145d       0x64 F:/CW MCU v10.6/MCU/ARM_GCC_Support/ewl/lib/armv6-m\libc.a(vsprintf.o)
 .debug_loc     0x000014c1      0x16c F:/CW MCU v10.6/MCU/ARM_GCC_Support/ewl/lib/armv6-m\libc.a(vsscanf.o)
 .debug_loc     0x0000162d      0x335 F:/CW MCU v10.6/MCU/ARM_GCC_Support/ewl/lib/armv6-m\libc.a(alloc.o)
 .debug_loc     0x00001962       0x3e F:/CW MCU v10.6/MCU/ARM_GCC_Support/ewl/lib/armv6-m\libc.a(exit.o)
 .debug_loc     0x000019a0       0x59 F:/CW MCU v10.6/MCU/ARM_GCC_Support/ewl/lib/armv6-m\libc.a(memcpy.o)
 .debug_loc     0x000019f9       0x6f F:/CW MCU v10.6/MCU/ARM_GCC_Support/ewl/lib/armv6-m\libc.a(memset.o)
 .debug_loc     0x00001a68       0x64 F:/CW MCU v10.6/MCU/ARM_GCC_Support/ewl/lib/armv6-m\libc.a(strcmp.o)
 .debug_loc     0x00001acc       0x20 F:/CW MCU v10.6/MCU/ARM_GCC_Support/ewl/lib/armv6-m\libc.a(strcpy.o)
 .debug_loc     0x00001aec       0x33 F:/CW MCU v10.6/MCU/ARM_GCC_Support/ewl/lib/armv6-m\libc.a(strlen.o)
 .debug_loc     0x00001b1f     0x104b F:/CW MCU v10.6/MCU/ARM_GCC_Support/ewl/lib/armv6-m\libc.a(printformat_.o)
 .debug_loc     0x00002b6a      0x9d8 F:/CW MCU v10.6/MCU/ARM_GCC_Support/ewl/lib/armv6-m\libc.a(scanformat_.o)
 .debug_loc     0x00003542      0x30d F:/CW MCU v10.6/MCU/ARM_GCC_Support/ewl/lib/armv6-m\libc.a(ctype_aeabi.o)
 .debug_loc     0x0000384f      0x105 F:/CW MCU v10.6/MCU/ARM_GCC_Support/ewl/lib/armv6-m\libc.a(vsnprintf.o)
 .debug_loc     0x00003954      0x305 F:/CW MCU v10.6/MCU/ARM_GCC_Support/ewl/lib/armv6-m\libc.a(__strtoul.o)
 .debug_loc     0x00003c59      0x14a F:/CW MCU v10.6/MCU/ARM_GCC_Support/ewl/lib/armv6-m\libc.a(__filll_mem.o)
 .debug_loc     0x00003da3       0x77 F:/CW MCU v10.6/MCU/ARM_GCC_Support/ewl/lib/armv6-m\libc.a(memchr.o)
 .debug_loc     0x00003e1a       0xaf F:/CW MCU v10.6/MCU/ARM_GCC_Support/ewl/lib/armv6-m\libc.a(strchr.o)
 .debug_loc     0x00003ec9       0x50 F:/CW MCU v10.6/MCU/ARM_GCC_Support/ewl/lib/armv6-m\libm.a(w_atan2.o)
 .debug_loc     0x00003f19      0x3d7 F:/CW MCU v10.6/MCU/ARM_GCC_Support/ewl/lib/armv6-m\libm.a(e_atan2.o)
 .debug_loc     0x000042f0      0x2dd F:/CW MCU v10.6/MCU/ARM_GCC_Support/ewl/lib/armv6-m\libm.a(s_atan.o)
 .debug_loc     0x000045cd       0x9d F:/CW MCU v10.6/MCU/ARM_GCC_Support/ewl/lib/armv6-m\librt.a(gcc_ctor_dtor.o)
 .debug_loc     0x0000466a       0xd9 F:/CW MCU v10.6/MCU/ARM_GCC_Support/ewl/lib/armv6-m\librt.a(ROMCopy.o)
 .debug_loc     0x00004743      0x197 F:/CW MCU v10.6/MCU/ARM_GCC_Support/ewl/lib/armv6-m\librt.a(__arm_eabi_init.o)

.debug_aranges  0x00000000      0x898
 .debug_aranges
                0x00000000       0x28 ./Project_Settings/Startup_Code/kinetis_sysinit.o
 .debug_aranges
                0x00000028       0x30 ./Project_Settings/Startup_Code/__arm_start.o
 .debug_aranges
                0x00000058       0x20 ./Project_Settings/Startup_Code/__arm_end.o
 .debug_aranges
                0x00000078       0x48 ./Sources/TFC/TFC_arm_cm0.o
 .debug_aranges
                0x000000c0       0x50 ./Sources/TFC/TFC_UART.o
 .debug_aranges
                0x00000110       0x78 ./Sources/TFC/TFC_Terminal.o
 .debug_aranges
                0x00000188       0x40 ./Sources/TFC/TFC_Servo.o
 .debug_aranges
                0x000001c8       0x50 ./Sources/TFC/TFC_Queue.o
 .debug_aranges
                0x00000218       0x28 ./Sources/TFC/TFC_Motor.o
 .debug_aranges
                0x00000240       0x50 ./Sources/TFC/TFC_LineScanCamera.o
 .debug_aranges
                0x00000290       0xf8 ./Sources/TFC/TFC_CrystalClock.o
 .debug_aranges
                0x00000388       0x30 ./Sources/TFC/TFC_BoardSupport.o
 .debug_aranges
                0x000003b8       0x30 ./Sources/TFC/TFC_ARM_SysTick.o
 .debug_aranges
                0x000003e8       0x60 ./Sources/TFC/TFC_ADC.o
 .debug_aranges
                0x00000448       0x28 ./Sources/TFC/TFC.o
 .debug_aranges
                0x00000470       0x20 ./Sources/main.o
 .debug_aranges
                0x00000490       0x20 F:/CW MCU v10.6/MCU/ARM_GCC_Support/ewl/lib/armv6-m\libc.a(sscanf.o)
 .debug_aranges
                0x000004b0       0x20 F:/CW MCU v10.6/MCU/ARM_GCC_Support/ewl/lib/armv6-m\libc.a(vsprintf.o)
 .debug_aranges
                0x000004d0       0x28 F:/CW MCU v10.6/MCU/ARM_GCC_Support/ewl/lib/armv6-m\libc.a(vsscanf.o)
 .debug_aranges
                0x000004f8       0x40 F:/CW MCU v10.6/MCU/ARM_GCC_Support/ewl/lib/armv6-m\libc.a(alloc.o)
 .debug_aranges
                0x00000538       0x20 F:/CW MCU v10.6/MCU/ARM_GCC_Support/ewl/lib/armv6-m\libc.a(exit.o)
 .debug_aranges
                0x00000558       0x20 F:/CW MCU v10.6/MCU/ARM_GCC_Support/ewl/lib/armv6-m\libc.a(memcpy.o)
 .debug_aranges
                0x00000578       0x20 F:/CW MCU v10.6/MCU/ARM_GCC_Support/ewl/lib/armv6-m\libc.a(memset.o)
 .debug_aranges
                0x00000598       0x20 F:/CW MCU v10.6/MCU/ARM_GCC_Support/ewl/lib/armv6-m\libc.a(strcmp.o)
 .debug_aranges
                0x000005b8       0x20 F:/CW MCU v10.6/MCU/ARM_GCC_Support/ewl/lib/armv6-m\libc.a(strcpy.o)
 .debug_aranges
                0x000005d8       0x20 F:/CW MCU v10.6/MCU/ARM_GCC_Support/ewl/lib/armv6-m\libc.a(strlen.o)
 .debug_aranges
                0x000005f8       0x28 F:/CW MCU v10.6/MCU/ARM_GCC_Support/ewl/lib/armv6-m\libc.a(printformat_.o)
 .debug_aranges
                0x00000620       0x20 F:/CW MCU v10.6/MCU/ARM_GCC_Support/ewl/lib/armv6-m\libc.a(scanformat_.o)
 .debug_aranges
                0x00000640       0x88 F:/CW MCU v10.6/MCU/ARM_GCC_Support/ewl/lib/armv6-m\libc.a(ctype_aeabi.o)
 .debug_aranges
                0x000006c8       0x28 F:/CW MCU v10.6/MCU/ARM_GCC_Support/ewl/lib/armv6-m\libc.a(vsnprintf.o)
 .debug_aranges
                0x000006f0       0x20 F:/CW MCU v10.6/MCU/ARM_GCC_Support/ewl/lib/armv6-m\libc.a(__strtoul.o)
 .debug_aranges
                0x00000710       0x20 F:/CW MCU v10.6/MCU/ARM_GCC_Support/ewl/lib/armv6-m\libc.a(__filll_mem.o)
 .debug_aranges
                0x00000730       0x20 F:/CW MCU v10.6/MCU/ARM_GCC_Support/ewl/lib/armv6-m\libc.a(memchr.o)
 .debug_aranges
                0x00000750       0x20 F:/CW MCU v10.6/MCU/ARM_GCC_Support/ewl/lib/armv6-m\libc.a(strchr.o)
 .debug_aranges
                0x00000770       0x20 F:/CW MCU v10.6/MCU/ARM_GCC_Support/ewl/lib/armv6-m\libm.a(w_atan2.o)
 .debug_aranges
                0x00000790       0x20 F:/CW MCU v10.6/MCU/ARM_GCC_Support/ewl/lib/armv6-m\libm.a(e_atan2.o)
 .debug_aranges
                0x000007b0       0x20 F:/CW MCU v10.6/MCU/ARM_GCC_Support/ewl/lib/armv6-m\libm.a(s_atan.o)
 .debug_aranges
                0x000007d0       0x28 F:/CW MCU v10.6/MCU/ARM_GCC_Support/ewl/lib/armv6-m\librt.a(gcc_ctor_dtor.o)
 .debug_aranges
                0x000007f8       0x30 F:/CW MCU v10.6/MCU/ARM_GCC_Support/ewl/lib/armv6-m\librt.a(ROMCopy.o)
 .debug_aranges
                0x00000828       0x58 F:/CW MCU v10.6/MCU/ARM_GCC_Support/ewl/lib/armv6-m\librt.a(__arm_eabi_init.o)
 .debug_aranges
                0x00000880       0x18 F:/CW MCU v10.6/MCU/ARM_GCC_Support/ewl/lib/armv6-m\libc.a(errno.o)

.debug_macinfo  0x00000000   0x243742
 .debug_macinfo
                0x00000000    0x264f0 ./Project_Settings/Startup_Code/kinetis_sysinit.o
 .debug_macinfo
                0x000264f0     0x3e6d ./Project_Settings/Startup_Code/__arm_start.o
 .debug_macinfo
                0x0002a35d     0x3456 ./Project_Settings/Startup_Code/__arm_end.o
 .debug_macinfo
                0x0002d7b3    0x26567 ./Sources/TFC/TFC_arm_cm0.o
 .debug_macinfo
                0x00053d1a    0x293dd ./Sources/TFC/TFC_UART.o
 .debug_macinfo
                0x0007d0f7    0x29471 ./Sources/TFC/TFC_Terminal.o
 .debug_macinfo
                0x000a6568    0x294a6 ./Sources/TFC/TFC_Servo.o
 .debug_macinfo
                0x000cfa0e    0x293dd ./Sources/TFC/TFC_Queue.o
 .debug_macinfo
                0x000f8deb    0x2948a ./Sources/TFC/TFC_Motor.o
 .debug_macinfo
                0x00122275    0x293dd ./Sources/TFC/TFC_LineScanCamera.o
 .debug_macinfo
                0x0014b652    0x294d4 ./Sources/TFC/TFC_CrystalClock.o
 .debug_macinfo
                0x00174b26    0x293dd ./Sources/TFC/TFC_BoardSupport.o
 .debug_macinfo
                0x0019df03    0x293dd ./Sources/TFC/TFC_ARM_SysTick.o
 .debug_macinfo
                0x001c72e0    0x29ca0 ./Sources/TFC/TFC_ADC.o
 .debug_macinfo
                0x001f0f80    0x293dd ./Sources/TFC/TFC.o
 .debug_macinfo
                0x0021a35d    0x293e5 ./Sources/main.o

.debug_line     0x00000000     0x6341
 .debug_line    0x00000000      0x204 ./Project_Settings/Startup_Code/kinetis_sysinit.o
 .debug_line    0x00000204      0x287 ./Project_Settings/Startup_Code/__arm_start.o
 .debug_line    0x0000048b      0x23e ./Project_Settings/Startup_Code/__arm_end.o
 .debug_line    0x000006c9      0x27e ./Sources/TFC/TFC_arm_cm0.o
 .debug_line    0x00000947      0x53e ./Sources/TFC/TFC_UART.o
 .debug_line    0x00000e85      0x5d8 ./Sources/TFC/TFC_Terminal.o
 .debug_line    0x0000145d      0x4dc ./Sources/TFC/TFC_Servo.o
 .debug_line    0x00001939      0x518 ./Sources/TFC/TFC_Queue.o
 .debug_line    0x00001e51      0x4bf ./Sources/TFC/TFC_Motor.o
 .debug_line    0x00002310      0x542 ./Sources/TFC/TFC_LineScanCamera.o
 .debug_line    0x00002852      0xbd9 ./Sources/TFC/TFC_CrystalClock.o
 .debug_line    0x0000342b      0x4c5 ./Sources/TFC/TFC_BoardSupport.o
 .debug_line    0x000038f0      0x4b9 ./Sources/TFC/TFC_ARM_SysTick.o
 .debug_line    0x00003da9      0x5ab ./Sources/TFC/TFC_ADC.o
 .debug_line    0x00004354      0x492 ./Sources/TFC/TFC.o
 .debug_line    0x000047e6      0x4b6 ./Sources/main.o
 .debug_line    0x00004c9c       0x92 F:/CW MCU v10.6/MCU/ARM_GCC_Support/ewl/lib/armv6-m\libc.a(sscanf.o)
 .debug_line    0x00004d2e       0x94 F:/CW MCU v10.6/MCU/ARM_GCC_Support/ewl/lib/armv6-m\libc.a(vsprintf.o)
 .debug_line    0x00004dc2       0xc8 F:/CW MCU v10.6/MCU/ARM_GCC_Support/ewl/lib/armv6-m\libc.a(vsscanf.o)
 .debug_line    0x00004e8a      0x156 F:/CW MCU v10.6/MCU/ARM_GCC_Support/ewl/lib/armv6-m\libc.a(alloc.o)
 .debug_line    0x00004fe0       0x8d F:/CW MCU v10.6/MCU/ARM_GCC_Support/ewl/lib/armv6-m\libc.a(exit.o)
 .debug_line    0x0000506d       0x8b F:/CW MCU v10.6/MCU/ARM_GCC_Support/ewl/lib/armv6-m\libc.a(memcpy.o)
 .debug_line    0x000050f8       0x90 F:/CW MCU v10.6/MCU/ARM_GCC_Support/ewl/lib/armv6-m\libc.a(memset.o)
 .debug_line    0x00005188       0x83 F:/CW MCU v10.6/MCU/ARM_GCC_Support/ewl/lib/armv6-m\libc.a(strcmp.o)
 .debug_line    0x0000520b       0x7d F:/CW MCU v10.6/MCU/ARM_GCC_Support/ewl/lib/armv6-m\libc.a(strcpy.o)
 .debug_line    0x00005288       0x85 F:/CW MCU v10.6/MCU/ARM_GCC_Support/ewl/lib/armv6-m\libc.a(strlen.o)
 .debug_line    0x0000530d      0x2c3 F:/CW MCU v10.6/MCU/ARM_GCC_Support/ewl/lib/armv6-m\libc.a(printformat_.o)
 .debug_line    0x000055d0      0x2be F:/CW MCU v10.6/MCU/ARM_GCC_Support/ewl/lib/armv6-m\libc.a(scanformat_.o)
 .debug_line    0x0000588e      0x1be F:/CW MCU v10.6/MCU/ARM_GCC_Support/ewl/lib/armv6-m\libc.a(ctype_aeabi.o)
 .debug_line    0x00005a4c       0xd4 F:/CW MCU v10.6/MCU/ARM_GCC_Support/ewl/lib/armv6-m\libc.a(vsnprintf.o)
 .debug_line    0x00005b20      0x11e F:/CW MCU v10.6/MCU/ARM_GCC_Support/ewl/lib/armv6-m\libc.a(__strtoul.o)
 .debug_line    0x00005c3e       0xf6 F:/CW MCU v10.6/MCU/ARM_GCC_Support/ewl/lib/armv6-m\libc.a(__filll_mem.o)
 .debug_line    0x00005d34       0x9f F:/CW MCU v10.6/MCU/ARM_GCC_Support/ewl/lib/armv6-m\libc.a(memchr.o)
 .debug_line    0x00005dd3       0x7d F:/CW MCU v10.6/MCU/ARM_GCC_Support/ewl/lib/armv6-m\libc.a(strchr.o)
 .debug_line    0x00005e50       0x75 F:/CW MCU v10.6/MCU/ARM_GCC_Support/ewl/lib/armv6-m\libm.a(w_atan2.o)
 .debug_line    0x00005ec5      0x101 F:/CW MCU v10.6/MCU/ARM_GCC_Support/ewl/lib/armv6-m\libm.a(e_atan2.o)
 .debug_line    0x00005fc6       0xee F:/CW MCU v10.6/MCU/ARM_GCC_Support/ewl/lib/armv6-m\libm.a(s_atan.o)
 .debug_line    0x000060b4       0x6c F:/CW MCU v10.6/MCU/ARM_GCC_Support/ewl/lib/armv6-m\librt.a(gcc_ctor_dtor.o)
 .debug_line    0x00006120       0xbd F:/CW MCU v10.6/MCU/ARM_GCC_Support/ewl/lib/armv6-m\librt.a(ROMCopy.o)
 .debug_line    0x000061dd      0x117 F:/CW MCU v10.6/MCU/ARM_GCC_Support/ewl/lib/armv6-m\librt.a(__arm_eabi_init.o)
 .debug_line    0x000062f4       0x4d F:/CW MCU v10.6/MCU/ARM_GCC_Support/ewl/lib/armv6-m\libc.a(errno.o)

.debug_str      0x00000000     0x1f63
 .debug_str     0x00000000      0x299 ./Project_Settings/Startup_Code/kinetis_sysinit.o
                                0x2c0 (size before relaxing)
 .debug_str     0x00000299       0x85 ./Project_Settings/Startup_Code/__arm_start.o
                                0x19a (size before relaxing)
 .debug_str     0x0000031e       0x41 ./Project_Settings/Startup_Code/__arm_end.o
                                 0xd1 (size before relaxing)
 .debug_str     0x0000035f       0xa4 ./Sources/TFC/TFC_arm_cm0.o
                                0x23a (size before relaxing)
 .debug_str     0x00000403      0x435 ./Sources/TFC/TFC_UART.o
                                0x669 (size before relaxing)
 .debug_str     0x00000838      0x205 ./Sources/TFC/TFC_Terminal.o
                                0x3bc (size before relaxing)
 .debug_str     0x00000a3d       0xc7 ./Sources/TFC/TFC_Servo.o
                                0x560 (size before relaxing)
 .debug_str     0x00000b04       0xa4 ./Sources/TFC/TFC_Queue.o
                                0x23e (size before relaxing)
 .debug_str     0x00000ba8       0x4a ./Sources/TFC/TFC_Motor.o
                                0x2d7 (size before relaxing)
 .debug_str     0x00000bf2      0x232 ./Sources/TFC/TFC_LineScanCamera.o
                                0x553 (size before relaxing)
 .debug_str     0x00000e24      0x23f ./Sources/TFC/TFC_CrystalClock.o
                                0x47f (size before relaxing)
 .debug_str     0x00001063       0x6b ./Sources/TFC/TFC_BoardSupport.o
                                0x2f5 (size before relaxing)
 .debug_str     0x000010ce       0x9a ./Sources/TFC/TFC_ARM_SysTick.o
                                0x1d9 (size before relaxing)
 .debug_str     0x00001168      0x204 ./Sources/TFC/TFC_ADC.o
                                0x7a5 (size before relaxing)
 .debug_str     0x0000136c       0x27 ./Sources/TFC/TFC.o
                                0x197 (size before relaxing)
 .debug_str     0x00001393       0xb8 ./Sources/main.o
                                0x2a8 (size before relaxing)
 .debug_str     0x0000144b       0x32 F:/CW MCU v10.6/MCU/ARM_GCC_Support/ewl/lib/armv6-m\libc.a(sscanf.o)
                                0x161 (size before relaxing)
 .debug_str     0x0000147d       0x25 F:/CW MCU v10.6/MCU/ARM_GCC_Support/ewl/lib/armv6-m\libc.a(vsprintf.o)
                                0x167 (size before relaxing)
 .debug_str     0x000014a2       0x9c F:/CW MCU v10.6/MCU/ARM_GCC_Support/ewl/lib/armv6-m\libc.a(vsscanf.o)
                                0x1e5 (size before relaxing)
 .debug_str     0x0000153e       0xc8 F:/CW MCU v10.6/MCU/ARM_GCC_Support/ewl/lib/armv6-m\libc.a(alloc.o)
                                0x200 (size before relaxing)
 .debug_str     0x00001606       0x2e F:/CW MCU v10.6/MCU/ARM_GCC_Support/ewl/lib/armv6-m\libc.a(exit.o)
                                0x157 (size before relaxing)
 .debug_str     0x00001634       0x1c F:/CW MCU v10.6/MCU/ARM_GCC_Support/ewl/lib/armv6-m\libc.a(memcpy.o)
                                0x138 (size before relaxing)
 .debug_str     0x00001650       0x1c F:/CW MCU v10.6/MCU/ARM_GCC_Support/ewl/lib/armv6-m\libc.a(memset.o)
                                0x140 (size before relaxing)
 .debug_str     0x0000166c       0x26 F:/CW MCU v10.6/MCU/ARM_GCC_Support/ewl/lib/armv6-m\libc.a(strcmp.o)
                                0x152 (size before relaxing)
 .debug_str     0x00001692       0x1c F:/CW MCU v10.6/MCU/ARM_GCC_Support/ewl/lib/armv6-m\libc.a(strcpy.o)
                                0x142 (size before relaxing)
 .debug_str     0x000016ae       0x1c F:/CW MCU v10.6/MCU/ARM_GCC_Support/ewl/lib/armv6-m\libc.a(strlen.o)
                                0x140 (size before relaxing)
 .debug_str     0x000016ca      0x218 F:/CW MCU v10.6/MCU/ARM_GCC_Support/ewl/lib/armv6-m\libc.a(printformat_.o)
                                0x3b3 (size before relaxing)
 .debug_str     0x000018e2      0x14b F:/CW MCU v10.6/MCU/ARM_GCC_Support/ewl/lib/armv6-m\libc.a(scanformat_.o)
                                0x3f9 (size before relaxing)
 .debug_str     0x00001a2d       0x9d F:/CW MCU v10.6/MCU/ARM_GCC_Support/ewl/lib/armv6-m\libc.a(ctype_aeabi.o)
                                0x1bc (size before relaxing)
 .debug_str     0x00001aca       0x7c F:/CW MCU v10.6/MCU/ARM_GCC_Support/ewl/lib/armv6-m\libc.a(vsnprintf.o)
                                0x1cc (size before relaxing)
 .debug_str     0x00001b46       0x61 F:/CW MCU v10.6/MCU/ARM_GCC_Support/ewl/lib/armv6-m\libc.a(__strtoul.o)
                                0x1fb (size before relaxing)
 .debug_str     0x00001ba7       0x25 F:/CW MCU v10.6/MCU/ARM_GCC_Support/ewl/lib/armv6-m\libc.a(__filll_mem.o)
                                0x152 (size before relaxing)
 .debug_str     0x00001bcc       0x1c F:/CW MCU v10.6/MCU/ARM_GCC_Support/ewl/lib/armv6-m\libc.a(memchr.o)
                                0x148 (size before relaxing)
 .debug_str     0x00001be8       0x1c F:/CW MCU v10.6/MCU/ARM_GCC_Support/ewl/lib/armv6-m\libc.a(strchr.o)
                                0x137 (size before relaxing)
 .debug_str     0x00001c04       0x19 F:/CW MCU v10.6/MCU/ARM_GCC_Support/ewl/lib/armv6-m\libm.a(w_atan2.o)
                                0x12d (size before relaxing)
 .debug_str     0x00001c1d       0x55 F:/CW MCU v10.6/MCU/ARM_GCC_Support/ewl/lib/armv6-m\libm.a(e_atan2.o)
                                0x187 (size before relaxing)
 .debug_str     0x00001c72       0x25 F:/CW MCU v10.6/MCU/ARM_GCC_Support/ewl/lib/armv6-m\libm.a(s_atan.o)
                                0x161 (size before relaxing)
 .debug_str     0x00001c97      0x126 F:/CW MCU v10.6/MCU/ARM_GCC_Support/ewl/lib/armv6-m\librt.a(gcc_ctor_dtor.o)
                                0x181 (size before relaxing)
 .debug_str     0x00001dbd       0x9c F:/CW MCU v10.6/MCU/ARM_GCC_Support/ewl/lib/armv6-m\librt.a(ROMCopy.o)
                                0x13c (size before relaxing)
 .debug_str     0x00001e59       0xf8 F:/CW MCU v10.6/MCU/ARM_GCC_Support/ewl/lib/armv6-m\librt.a(__arm_eabi_init.o)
                                0x1b5 (size before relaxing)
 .debug_str     0x00001f51       0x12 F:/CW MCU v10.6/MCU/ARM_GCC_Support/ewl/lib/armv6-m\libc.a(errno.o)
                                0x12c (size before relaxing)

.comment        0x00000000       0x79
 .comment       0x00000000       0x79 ./Project_Settings/Startup_Code/kinetis_sysinit.o
                                 0x7a (size before relaxing)
 .comment       0x00000000       0x7a ./Project_Settings/Startup_Code/__arm_start.o
 .comment       0x00000000       0x7a ./Project_Settings/Startup_Code/__arm_end.o
 .comment       0x00000000       0x7a ./Sources/TFC/TFC_arm_cm0.o
 .comment       0x00000000       0x7a ./Sources/TFC/TFC_UART.o
 .comment       0x00000000       0x7a ./Sources/TFC/TFC_Terminal.o
 .comment       0x00000000       0x7a ./Sources/TFC/TFC_Servo.o
 .comment       0x00000000       0x7a ./Sources/TFC/TFC_Queue.o
 .comment       0x00000000       0x7a ./Sources/TFC/TFC_Motor.o
 .comment       0x00000000       0x7a ./Sources/TFC/TFC_LineScanCamera.o
 .comment       0x00000000       0x7a ./Sources/TFC/TFC_CrystalClock.o
 .comment       0x00000000       0x7a ./Sources/TFC/TFC_BoardSupport.o
 .comment       0x00000000       0x7a ./Sources/TFC/TFC_ARM_SysTick.o
 .comment       0x00000000       0x7a ./Sources/TFC/TFC_ADC.o
 .comment       0x00000000       0x7a ./Sources/TFC/TFC.o
 .comment       0x00000000       0x7a ./Sources/main.o
 .comment       0x00000000       0x7a F:/CW MCU v10.6/MCU/ARM_GCC_Support/ewl/lib/armv6-m\libc.a(sscanf.o)
 .comment       0x00000000       0x7a F:/CW MCU v10.6/MCU/ARM_GCC_Support/ewl/lib/armv6-m\libc.a(vsprintf.o)
 .comment       0x00000000       0x7a F:/CW MCU v10.6/MCU/ARM_GCC_Support/ewl/lib/armv6-m\libc.a(vsscanf.o)
 .comment       0x00000000       0x7a F:/CW MCU v10.6/MCU/ARM_GCC_Support/ewl/lib/armv6-m\libc.a(alloc.o)
 .comment       0x00000000       0x7a F:/CW MCU v10.6/MCU/ARM_GCC_Support/ewl/lib/armv6-m\libc.a(exit.o)
 .comment       0x00000000       0x7a F:/CW MCU v10.6/MCU/ARM_GCC_Support/ewl/lib/armv6-m\libc.a(memcpy.o)
 .comment       0x00000000       0x7a F:/CW MCU v10.6/MCU/ARM_GCC_Support/ewl/lib/armv6-m\libc.a(memset.o)
 .comment       0x00000000       0x7a F:/CW MCU v10.6/MCU/ARM_GCC_Support/ewl/lib/armv6-m\libc.a(strcmp.o)
 .comment       0x00000000       0x7a F:/CW MCU v10.6/MCU/ARM_GCC_Support/ewl/lib/armv6-m\libc.a(strcpy.o)
 .comment       0x00000000       0x7a F:/CW MCU v10.6/MCU/ARM_GCC_Support/ewl/lib/armv6-m\libc.a(strlen.o)
 .comment       0x00000000       0x7a F:/CW MCU v10.6/MCU/ARM_GCC_Support/ewl/lib/armv6-m\libc.a(printformat_.o)
 .comment       0x00000000       0x7a F:/CW MCU v10.6/MCU/ARM_GCC_Support/ewl/lib/armv6-m\libc.a(scanformat_.o)
 .comment       0x00000000       0x7a F:/CW MCU v10.6/MCU/ARM_GCC_Support/ewl/lib/armv6-m\libc.a(ctype_aeabi.o)
 .comment       0x00000000       0x7a F:/CW MCU v10.6/MCU/ARM_GCC_Support/ewl/lib/armv6-m\libc.a(vsnprintf.o)
 .comment       0x00000000       0x7a F:/CW MCU v10.6/MCU/ARM_GCC_Support/ewl/lib/armv6-m\libc.a(__strtoul.o)
 .comment       0x00000000       0x7a F:/CW MCU v10.6/MCU/ARM_GCC_Support/ewl/lib/armv6-m\libc.a(__filll_mem.o)
 .comment       0x00000000       0x7a F:/CW MCU v10.6/MCU/ARM_GCC_Support/ewl/lib/armv6-m\libc.a(memchr.o)
 .comment       0x00000000       0x7a F:/CW MCU v10.6/MCU/ARM_GCC_Support/ewl/lib/armv6-m\libc.a(strchr.o)
 .comment       0x00000000       0x7a F:/CW MCU v10.6/MCU/ARM_GCC_Support/ewl/lib/armv6-m\libm.a(w_atan2.o)
 .comment       0x00000000       0x7a F:/CW MCU v10.6/MCU/ARM_GCC_Support/ewl/lib/armv6-m\libm.a(e_atan2.o)
 .comment       0x00000000       0x7a F:/CW MCU v10.6/MCU/ARM_GCC_Support/ewl/lib/armv6-m\libm.a(s_atan.o)
 .comment       0x00000000       0x7a F:/CW MCU v10.6/MCU/ARM_GCC_Support/ewl/lib/armv6-m\librt.a(gcc_ctor_dtor.o)
 .comment       0x00000000       0x7a F:/CW MCU v10.6/MCU/ARM_GCC_Support/ewl/lib/armv6-m\librt.a(ROMCopy.o)
 .comment       0x00000000       0x7a F:/CW MCU v10.6/MCU/ARM_GCC_Support/ewl/lib/armv6-m\librt.a(__arm_eabi_init.o)
 .comment       0x00000000       0x7a F:/CW MCU v10.6/MCU/ARM_GCC_Support/ewl/lib/armv6-m\libc.a(errno.o)

.debug_frame    0x00000000     0x18cc
 .debug_frame   0x00000000       0x48 ./Project_Settings/Startup_Code/kinetis_sysinit.o
 .debug_frame   0x00000048       0x4c ./Project_Settings/Startup_Code/__arm_start.o
 .debug_frame   0x00000094       0x30 ./Project_Settings/Startup_Code/__arm_end.o
 .debug_frame   0x000000c4       0xcc ./Sources/TFC/TFC_arm_cm0.o
 .debug_frame   0x00000190       0xe8 ./Sources/TFC/TFC_UART.o
 .debug_frame   0x00000278      0x190 ./Sources/TFC/TFC_Terminal.o
 .debug_frame   0x00000408       0xb0 ./Sources/TFC/TFC_Servo.o
 .debug_frame   0x000004b8       0xf4 ./Sources/TFC/TFC_Queue.o
 .debug_frame   0x000005ac       0x54 ./Sources/TFC/TFC_Motor.o
 .debug_frame   0x00000600       0xf8 ./Sources/TFC/TFC_LineScanCamera.o
 .debug_frame   0x000006f8      0x390 ./Sources/TFC/TFC_CrystalClock.o
 .debug_frame   0x00000a88       0x6c ./Sources/TFC/TFC_BoardSupport.o
 .debug_frame   0x00000af4       0x70 ./Sources/TFC/TFC_ARM_SysTick.o
 .debug_frame   0x00000b64      0x128 ./Sources/TFC/TFC_ADC.o
 .debug_frame   0x00000c8c       0x48 ./Sources/TFC/TFC.o
 .debug_frame   0x00000cd4       0x34 ./Sources/main.o
 .debug_frame   0x00000d08       0x2c F:/CW MCU v10.6/MCU/ARM_GCC_Support/ewl/lib/armv6-m\libc.a(sscanf.o)
 .debug_frame   0x00000d34       0x28 F:/CW MCU v10.6/MCU/ARM_GCC_Support/ewl/lib/armv6-m\libc.a(vsprintf.o)
 .debug_frame   0x00000d5c       0x48 F:/CW MCU v10.6/MCU/ARM_GCC_Support/ewl/lib/armv6-m\libc.a(vsscanf.o)
 .debug_frame   0x00000da4       0x9c F:/CW MCU v10.6/MCU/ARM_GCC_Support/ewl/lib/armv6-m\libc.a(alloc.o)
 .debug_frame   0x00000e40       0x2c F:/CW MCU v10.6/MCU/ARM_GCC_Support/ewl/lib/armv6-m\libc.a(exit.o)
 .debug_frame   0x00000e6c       0x28 F:/CW MCU v10.6/MCU/ARM_GCC_Support/ewl/lib/armv6-m\libc.a(memcpy.o)
 .debug_frame   0x00000e94       0x28 F:/CW MCU v10.6/MCU/ARM_GCC_Support/ewl/lib/armv6-m\libc.a(memset.o)
 .debug_frame   0x00000ebc       0x28 F:/CW MCU v10.6/MCU/ARM_GCC_Support/ewl/lib/armv6-m\libc.a(strcmp.o)
 .debug_frame   0x00000ee4       0x28 F:/CW MCU v10.6/MCU/ARM_GCC_Support/ewl/lib/armv6-m\libc.a(strcpy.o)
 .debug_frame   0x00000f0c       0x28 F:/CW MCU v10.6/MCU/ARM_GCC_Support/ewl/lib/armv6-m\libc.a(strlen.o)
 .debug_frame   0x00000f34       0x54 F:/CW MCU v10.6/MCU/ARM_GCC_Support/ewl/lib/armv6-m\libc.a(printformat_.o)
 .debug_frame   0x00000f88       0x34 F:/CW MCU v10.6/MCU/ARM_GCC_Support/ewl/lib/armv6-m\libc.a(scanformat_.o)
 .debug_frame   0x00000fbc      0x158 F:/CW MCU v10.6/MCU/ARM_GCC_Support/ewl/lib/armv6-m\libc.a(ctype_aeabi.o)
 .debug_frame   0x00001114       0x4c F:/CW MCU v10.6/MCU/ARM_GCC_Support/ewl/lib/armv6-m\libc.a(vsnprintf.o)
 .debug_frame   0x00001160       0x30 F:/CW MCU v10.6/MCU/ARM_GCC_Support/ewl/lib/armv6-m\libc.a(__strtoul.o)
 .debug_frame   0x00001190       0x2c F:/CW MCU v10.6/MCU/ARM_GCC_Support/ewl/lib/armv6-m\libc.a(__filll_mem.o)
 .debug_frame   0x000011bc       0x28 F:/CW MCU v10.6/MCU/ARM_GCC_Support/ewl/lib/armv6-m\libc.a(memchr.o)
 .debug_frame   0x000011e4       0x28 F:/CW MCU v10.6/MCU/ARM_GCC_Support/ewl/lib/armv6-m\libc.a(strchr.o)
 .debug_frame   0x0000120c       0x28 F:/CW MCU v10.6/MCU/ARM_GCC_Support/ewl/lib/armv6-m\libm.a(w_atan2.o)
 .debug_frame   0x00001234       0x30 F:/CW MCU v10.6/MCU/ARM_GCC_Support/ewl/lib/armv6-m\libm.a(e_atan2.o)
 .debug_frame   0x00001264       0x30 F:/CW MCU v10.6/MCU/ARM_GCC_Support/ewl/lib/armv6-m\libm.a(s_atan.o)
 .debug_frame   0x00001294       0x20 f:/cw mcu v10.6/cross_tools/arm-none-eabi-gcc-4_7_3/bin/../lib/gcc/arm-none-eabi/4.7.3/armv6-m\libgcc.a(_udivsi3.o)
 .debug_frame   0x000012b4       0x20 f:/cw mcu v10.6/cross_tools/arm-none-eabi-gcc-4_7_3/bin/../lib/gcc/arm-none-eabi/4.7.3/armv6-m\libgcc.a(_divsi3.o)
 .debug_frame   0x000012d4       0x28 f:/cw mcu v10.6/cross_tools/arm-none-eabi-gcc-4_7_3/bin/../lib/gcc/arm-none-eabi/4.7.3/armv6-m\libgcc.a(_fixunssfsi.o)
 .debug_frame   0x000012fc       0x2c f:/cw mcu v10.6/cross_tools/arm-none-eabi-gcc-4_7_3/bin/../lib/gcc/arm-none-eabi/4.7.3/armv6-m\libgcc.a(_fixunsdfsi.o)
 .debug_frame   0x00001328       0x30 f:/cw mcu v10.6/cross_tools/arm-none-eabi-gcc-4_7_3/bin/../lib/gcc/arm-none-eabi/4.7.3/armv6-m\libgcc.a(addsf3.o)
 .debug_frame   0x00001358       0x3c f:/cw mcu v10.6/cross_tools/arm-none-eabi-gcc-4_7_3/bin/../lib/gcc/arm-none-eabi/4.7.3/armv6-m\libgcc.a(divsf3.o)
 .debug_frame   0x00001394       0x2c f:/cw mcu v10.6/cross_tools/arm-none-eabi-gcc-4_7_3/bin/../lib/gcc/arm-none-eabi/4.7.3/armv6-m\libgcc.a(eqsf2.o)
 .debug_frame   0x000013c0       0x30 f:/cw mcu v10.6/cross_tools/arm-none-eabi-gcc-4_7_3/bin/../lib/gcc/arm-none-eabi/4.7.3/armv6-m\libgcc.a(gesf2.o)
 .debug_frame   0x000013f0       0x30 f:/cw mcu v10.6/cross_tools/arm-none-eabi-gcc-4_7_3/bin/../lib/gcc/arm-none-eabi/4.7.3/armv6-m\libgcc.a(lesf2.o)
 .debug_frame   0x00001420       0x3c f:/cw mcu v10.6/cross_tools/arm-none-eabi-gcc-4_7_3/bin/../lib/gcc/arm-none-eabi/4.7.3/armv6-m\libgcc.a(mulsf3.o)
 .debug_frame   0x0000145c       0x30 f:/cw mcu v10.6/cross_tools/arm-none-eabi-gcc-4_7_3/bin/../lib/gcc/arm-none-eabi/4.7.3/armv6-m\libgcc.a(subsf3.o)
 .debug_frame   0x0000148c       0x28 f:/cw mcu v10.6/cross_tools/arm-none-eabi-gcc-4_7_3/bin/../lib/gcc/arm-none-eabi/4.7.3/armv6-m\libgcc.a(fixsfsi.o)
 .debug_frame   0x000014b4       0x2c f:/cw mcu v10.6/cross_tools/arm-none-eabi-gcc-4_7_3/bin/../lib/gcc/arm-none-eabi/4.7.3/armv6-m\libgcc.a(floatsisf.o)
 .debug_frame   0x000014e0       0x28 f:/cw mcu v10.6/cross_tools/arm-none-eabi-gcc-4_7_3/bin/../lib/gcc/arm-none-eabi/4.7.3/armv6-m\libgcc.a(floatunsisf.o)
 .debug_frame   0x00001508       0x3c f:/cw mcu v10.6/cross_tools/arm-none-eabi-gcc-4_7_3/bin/../lib/gcc/arm-none-eabi/4.7.3/armv6-m\libgcc.a(adddf3.o)
 .debug_frame   0x00001544       0x3c f:/cw mcu v10.6/cross_tools/arm-none-eabi-gcc-4_7_3/bin/../lib/gcc/arm-none-eabi/4.7.3/armv6-m\libgcc.a(divdf3.o)
 .debug_frame   0x00001580       0x34 f:/cw mcu v10.6/cross_tools/arm-none-eabi-gcc-4_7_3/bin/../lib/gcc/arm-none-eabi/4.7.3/armv6-m\libgcc.a(eqdf2.o)
 .debug_frame   0x000015b4       0x38 f:/cw mcu v10.6/cross_tools/arm-none-eabi-gcc-4_7_3/bin/../lib/gcc/arm-none-eabi/4.7.3/armv6-m\libgcc.a(gedf2.o)
 .debug_frame   0x000015ec       0x38 f:/cw mcu v10.6/cross_tools/arm-none-eabi-gcc-4_7_3/bin/../lib/gcc/arm-none-eabi/4.7.3/armv6-m\libgcc.a(ledf2.o)
 .debug_frame   0x00001624       0x3c f:/cw mcu v10.6/cross_tools/arm-none-eabi-gcc-4_7_3/bin/../lib/gcc/arm-none-eabi/4.7.3/armv6-m\libgcc.a(muldf3.o)
 .debug_frame   0x00001660       0x38 f:/cw mcu v10.6/cross_tools/arm-none-eabi-gcc-4_7_3/bin/../lib/gcc/arm-none-eabi/4.7.3/armv6-m\libgcc.a(subdf3.o)
 .debug_frame   0x00001698       0x2c f:/cw mcu v10.6/cross_tools/arm-none-eabi-gcc-4_7_3/bin/../lib/gcc/arm-none-eabi/4.7.3/armv6-m\libgcc.a(fixdfsi.o)
 .debug_frame   0x000016c4       0x30 f:/cw mcu v10.6/cross_tools/arm-none-eabi-gcc-4_7_3/bin/../lib/gcc/arm-none-eabi/4.7.3/armv6-m\libgcc.a(floatsidf.o)
 .debug_frame   0x000016f4       0x2c f:/cw mcu v10.6/cross_tools/arm-none-eabi-gcc-4_7_3/bin/../lib/gcc/arm-none-eabi/4.7.3/armv6-m\libgcc.a(floatunsidf.o)
 .debug_frame   0x00001720       0x2c f:/cw mcu v10.6/cross_tools/arm-none-eabi-gcc-4_7_3/bin/../lib/gcc/arm-none-eabi/4.7.3/armv6-m\libgcc.a(extendsfdf2.o)
 .debug_frame   0x0000174c       0x30 f:/cw mcu v10.6/cross_tools/arm-none-eabi-gcc-4_7_3/bin/../lib/gcc/arm-none-eabi/4.7.3/armv6-m\libgcc.a(truncdfsf2.o)
 .debug_frame   0x0000177c       0x40 F:/CW MCU v10.6/MCU/ARM_GCC_Support/ewl/lib/armv6-m\librt.a(gcc_ctor_dtor.o)
 .debug_frame   0x000017bc       0x54 F:/CW MCU v10.6/MCU/ARM_GCC_Support/ewl/lib/armv6-m\librt.a(ROMCopy.o)
 .debug_frame   0x00001810       0xbc F:/CW MCU v10.6/MCU/ARM_GCC_Support/ewl/lib/armv6-m\librt.a(__arm_eabi_init.o)
